Archive member included to satisfy reference by file (symbol)

c:/st/stm32cubeide_1.11.2/stm32cubeide/plugins/com.st.stm32cube.ide.mcu.externaltools.gnu-tools-for-stm32.10.3-2021.10.win32_1.0.200.202301161003/tools/bin/../lib/gcc/arm-none-eabi/10.3.1/../../../../arm-none-eabi/lib/thumb/v7e-m+dp/hard\libc_nano.a(lib_a-errno.o)
                              ./Core/Src/syscalls.o (__errno)
c:/st/stm32cubeide_1.11.2/stm32cubeide/plugins/com.st.stm32cube.ide.mcu.externaltools.gnu-tools-for-stm32.10.3-2021.10.win32_1.0.200.202301161003/tools/bin/../lib/gcc/arm-none-eabi/10.3.1/../../../../arm-none-eabi/lib/thumb/v7e-m+dp/hard\libc_nano.a(lib_a-exit.o)
                              c:/st/stm32cubeide_1.11.2/stm32cubeide/plugins/com.st.stm32cube.ide.mcu.externaltools.gnu-tools-for-stm32.10.3-2021.10.win32_1.0.200.202301161003/tools/bin/../lib/gcc/arm-none-eabi/10.3.1/../../../../arm-none-eabi/lib/thumb/v7e-m+dp/hard/crt0.o (exit)
c:/st/stm32cubeide_1.11.2/stm32cubeide/plugins/com.st.stm32cube.ide.mcu.externaltools.gnu-tools-for-stm32.10.3-2021.10.win32_1.0.200.202301161003/tools/bin/../lib/gcc/arm-none-eabi/10.3.1/../../../../arm-none-eabi/lib/thumb/v7e-m+dp/hard\libc_nano.a(lib_a-impure.o)
                              c:/st/stm32cubeide_1.11.2/stm32cubeide/plugins/com.st.stm32cube.ide.mcu.externaltools.gnu-tools-for-stm32.10.3-2021.10.win32_1.0.200.202301161003/tools/bin/../lib/gcc/arm-none-eabi/10.3.1/../../../../arm-none-eabi/lib/thumb/v7e-m+dp/hard\libc_nano.a(lib_a-exit.o) (_global_impure_ptr)
c:/st/stm32cubeide_1.11.2/stm32cubeide/plugins/com.st.stm32cube.ide.mcu.externaltools.gnu-tools-for-stm32.10.3-2021.10.win32_1.0.200.202301161003/tools/bin/../lib/gcc/arm-none-eabi/10.3.1/../../../../arm-none-eabi/lib/thumb/v7e-m+dp/hard\libc_nano.a(lib_a-init.o)
                              c:/st/stm32cubeide_1.11.2/stm32cubeide/plugins/com.st.stm32cube.ide.mcu.externaltools.gnu-tools-for-stm32.10.3-2021.10.win32_1.0.200.202301161003/tools/bin/../lib/gcc/arm-none-eabi/10.3.1/../../../../arm-none-eabi/lib/thumb/v7e-m+dp/hard/crt0.o (__libc_init_array)
c:/st/stm32cubeide_1.11.2/stm32cubeide/plugins/com.st.stm32cube.ide.mcu.externaltools.gnu-tools-for-stm32.10.3-2021.10.win32_1.0.200.202301161003/tools/bin/../lib/gcc/arm-none-eabi/10.3.1/../../../../arm-none-eabi/lib/thumb/v7e-m+dp/hard\libc_nano.a(lib_a-memset.o)
                              c:/st/stm32cubeide_1.11.2/stm32cubeide/plugins/com.st.stm32cube.ide.mcu.externaltools.gnu-tools-for-stm32.10.3-2021.10.win32_1.0.200.202301161003/tools/bin/../lib/gcc/arm-none-eabi/10.3.1/../../../../arm-none-eabi/lib/thumb/v7e-m+dp/hard/crt0.o (memset)
c:/st/stm32cubeide_1.11.2/stm32cubeide/plugins/com.st.stm32cube.ide.mcu.externaltools.gnu-tools-for-stm32.10.3-2021.10.win32_1.0.200.202301161003/tools/bin/../lib/gcc/arm-none-eabi/10.3.1/thumb/v7e-m+dp/hard\libgcc.a(_aeabi_uldivmod.o)
                              ./Drivers/STM32H7xx_HAL_Driver/Src/stm32h7xx_hal_uart.o (__aeabi_uldivmod)
c:/st/stm32cubeide_1.11.2/stm32cubeide/plugins/com.st.stm32cube.ide.mcu.externaltools.gnu-tools-for-stm32.10.3-2021.10.win32_1.0.200.202301161003/tools/bin/../lib/gcc/arm-none-eabi/10.3.1/thumb/v7e-m+dp/hard\libgcc.a(_udivmoddi4.o)
                              c:/st/stm32cubeide_1.11.2/stm32cubeide/plugins/com.st.stm32cube.ide.mcu.externaltools.gnu-tools-for-stm32.10.3-2021.10.win32_1.0.200.202301161003/tools/bin/../lib/gcc/arm-none-eabi/10.3.1/thumb/v7e-m+dp/hard\libgcc.a(_aeabi_uldivmod.o) (__udivmoddi4)
c:/st/stm32cubeide_1.11.2/stm32cubeide/plugins/com.st.stm32cube.ide.mcu.externaltools.gnu-tools-for-stm32.10.3-2021.10.win32_1.0.200.202301161003/tools/bin/../lib/gcc/arm-none-eabi/10.3.1/thumb/v7e-m+dp/hard\libgcc.a(_dvmd_tls.o)
                              c:/st/stm32cubeide_1.11.2/stm32cubeide/plugins/com.st.stm32cube.ide.mcu.externaltools.gnu-tools-for-stm32.10.3-2021.10.win32_1.0.200.202301161003/tools/bin/../lib/gcc/arm-none-eabi/10.3.1/thumb/v7e-m+dp/hard\libgcc.a(_aeabi_uldivmod.o) (__aeabi_ldiv0)

Discarded input sections

 .text          0x0000000000000000        0x0 c:/st/stm32cubeide_1.11.2/stm32cubeide/plugins/com.st.stm32cube.ide.mcu.externaltools.gnu-tools-for-stm32.10.3-2021.10.win32_1.0.200.202301161003/tools/bin/../lib/gcc/arm-none-eabi/10.3.1/thumb/v7e-m+dp/hard/crti.o
 .data          0x0000000000000000        0x0 c:/st/stm32cubeide_1.11.2/stm32cubeide/plugins/com.st.stm32cube.ide.mcu.externaltools.gnu-tools-for-stm32.10.3-2021.10.win32_1.0.200.202301161003/tools/bin/../lib/gcc/arm-none-eabi/10.3.1/thumb/v7e-m+dp/hard/crti.o
 .bss           0x0000000000000000        0x0 c:/st/stm32cubeide_1.11.2/stm32cubeide/plugins/com.st.stm32cube.ide.mcu.externaltools.gnu-tools-for-stm32.10.3-2021.10.win32_1.0.200.202301161003/tools/bin/../lib/gcc/arm-none-eabi/10.3.1/thumb/v7e-m+dp/hard/crti.o
[...]
Memory Configuration

Name             Origin             Length             Attributes
ITCMRAM          0x0000000000000000 0x0000000000010000 xrw
DTCMRAM          0x0000000020000000 0x0000000000020000 xrw
FLASH            0x0000000008000000 0x0000000000100000 xr
RAM_D1           0x0000000024000000 0x0000000000050000 xrw
RAM_D2           0x0000000030000000 0x0000000000008000 xrw
RAM_D3           0x0000000038000000 0x0000000000004000 xrw
*default*        0x0000000000000000 0xffffffffffffffff

Linker script and memory map

LOAD c:/st/stm32cubeide_1.11.2/stm32cubeide/plugins/com.st.stm32cube.ide.mcu.externaltools.gnu-tools-for-stm32.10.3-2021.10.win32_1.0.200.202301161003/tools/bin/../lib/gcc/arm-none-eabi/10.3.1/thumb/v7e-m+dp/hard/crti.o
LOAD c:/st/stm32cubeide_1.11.2/stm32cubeide/plugins/com.st.stm32cube.ide.mcu.externaltools.gnu-tools-for-stm32.10.3-2021.10.win32_1.0.200.202301161003/tools/bin/../lib/gcc/arm-none-eabi/10.3.1/thumb/v7e-m+dp/hard/crtbegin.o
LOAD c:/st/stm32cubeide_1.11.2/stm32cubeide/plugins/com.st.stm32cube.ide.mcu.externaltools.gnu-tools-for-stm32.10.3-2021.10.win32_1.0.200.202301161003/tools/bin/../lib/gcc/arm-none-eabi/10.3.1/../../../../arm-none-eabi/lib/thumb/v7e-m+dp/hard/crt0.o
LOAD ./Core/Src/main.o
LOAD ./Core/Src/stm32h7xx_hal_msp.o
LOAD ./Core/Src/stm32h7xx_it.o
LOAD ./Core/Src/syscalls.o
LOAD ./Core/Src/sysmem.o
LOAD ./Core/Src/system_stm32h7xx.o
LOAD ./Core/Startup/startup_stm32h723zgtx.o
LOAD ./Drivers/STM32H7xx_HAL_Driver/Src/stm32h7xx_hal.o
LOAD ./Drivers/STM32H7xx_HAL_Driver/Src/stm32h7xx_hal_cortex.o
LOAD ./Drivers/STM32H7xx_HAL_Driver/Src/stm32h7xx_hal_dma.o
LOAD ./Drivers/STM32H7xx_HAL_Driver/Src/stm32h7xx_hal_dma_ex.o
LOAD ./Drivers/STM32H7xx_HAL_Driver/Src/stm32h7xx_hal_exti.o
LOAD ./Drivers/STM32H7xx_HAL_Driver/Src/stm32h7xx_hal_flash.o
LOAD ./Drivers/STM32H7xx_HAL_Driver/Src/stm32h7xx_hal_flash_ex.o
LOAD ./Drivers/STM32H7xx_HAL_Driver/Src/stm32h7xx_hal_gpio.o
LOAD ./Drivers/STM32H7xx_HAL_Driver/Src/stm32h7xx_hal_hsem.o
LOAD ./Drivers/STM32H7xx_HAL_Driver/Src/stm32h7xx_hal_i2c.o
LOAD ./Drivers/STM32H7xx_HAL_Driver/Src/stm32h7xx_hal_i2c_ex.o
LOAD ./Drivers/STM32H7xx_HAL_Driver/Src/stm32h7xx_hal_mdma.o
LOAD ./Drivers/STM32H7xx_HAL_Driver/Src/stm32h7xx_hal_pcd.o
LOAD ./Drivers/STM32H7xx_HAL_Driver/Src/stm32h7xx_hal_pcd_ex.o
LOAD ./Drivers/STM32H7xx_HAL_Driver/Src/stm32h7xx_hal_pwr.o
LOAD ./Drivers/STM32H7xx_HAL_Driver/Src/stm32h7xx_hal_pwr_ex.o
LOAD ./Drivers/STM32H7xx_HAL_Driver/Src/stm32h7xx_hal_rcc.o
LOAD ./Drivers/STM32H7xx_HAL_Driver/Src/stm32h7xx_hal_rcc_ex.o
LOAD ./Drivers/STM32H7xx_HAL_Driver/Src/stm32h7xx_hal_tim.o
LOAD ./Drivers/STM32H7xx_HAL_Driver/Src/stm32h7xx_hal_tim_ex.o
LOAD ./Drivers/STM32H7xx_HAL_Driver/Src/stm32h7xx_hal_uart.o
LOAD ./Drivers/STM32H7xx_HAL_Driver/Src/stm32h7xx_hal_uart_ex.o
LOAD ./Drivers/STM32H7xx_HAL_Driver/Src/stm32h7xx_ll_usb.o
LOAD ./Middlewares/ST/STM32_USB_Device_Library/Class/CDC/Src/usbd_cdc.o
LOAD ./Middlewares/ST/STM32_USB_Device_Library/Core/Src/usbd_core.o
LOAD ./Middlewares/ST/STM32_USB_Device_Library/Core/Src/usbd_ctlreq.o
LOAD ./Middlewares/ST/STM32_USB_Device_Library/Core/Src/usbd_ioreq.o
LOAD ./USB_DEVICE/App/usb_device.o
LOAD ./USB_DEVICE/App/usbd_cdc_if.o
LOAD ./USB_DEVICE/App/usbd_desc.o
LOAD ./USB_DEVICE/Target/usbd_conf.o
START GROUP
LOAD c:/st/stm32cubeide_1.11.2/stm32cubeide/plugins/com.st.stm32cube.ide.mcu.externaltools.gnu-tools-for-stm32.10.3-2021.10.win32_1.0.200.202301161003/tools/bin/../lib/gcc/arm-none-eabi/10.3.1/../../../../arm-none-eabi/lib/thumb/v7e-m+dp/hard\libc_nano.a
LOAD c:/st/stm32cubeide_1.11.2/stm32cubeide/plugins/com.st.stm32cube.ide.mcu.externaltools.gnu-tools-for-stm32.10.3-2021.10.win32_1.0.200.202301161003/tools/bin/../lib/gcc/arm-none-eabi/10.3.1/../../../../arm-none-eabi/lib/thumb/v7e-m+dp/hard\libm.a
END GROUP
START GROUP
LOAD c:/st/stm32cubeide_1.11.2/stm32cubeide/plugins/com.st.stm32cube.ide.mcu.externaltools.gnu-tools-for-stm32.10.3-2021.10.win32_1.0.200.202301161003/tools/bin/../lib/gcc/arm-none-eabi/10.3.1/thumb/v7e-m+dp/hard\libgcc.a
LOAD c:/st/stm32cubeide_1.11.2/stm32cubeide/plugins/com.st.stm32cube.ide.mcu.externaltools.gnu-tools-for-stm32.10.3-2021.10.win32_1.0.200.202301161003/tools/bin/../lib/gcc/arm-none-eabi/10.3.1/../../../../arm-none-eabi/lib/thumb/v7e-m+dp/hard\libc_nano.a
END GROUP
START GROUP
LOAD c:/st/stm32cubeide_1.11.2/stm32cubeide/plugins/com.st.stm32cube.ide.mcu.externaltools.gnu-tools-for-stm32.10.3-2021.10.win32_1.0.200.202301161003/tools/bin/../lib/gcc/arm-none-eabi/10.3.1/thumb/v7e-m+dp/hard\libgcc.a
LOAD c:/st/stm32cubeide_1.11.2/stm32cubeide/plugins/com.st.stm32cube.ide.mcu.externaltools.gnu-tools-for-stm32.10.3-2021.10.win32_1.0.200.202301161003/tools/bin/../lib/gcc/arm-none-eabi/10.3.1/../../../../arm-none-eabi/lib/thumb/v7e-m+dp/hard\libc_nano.a
LOAD c:/st/stm32cubeide_1.11.2/stm32cubeide/plugins/com.st.stm32cube.ide.mcu.externaltools.gnu-tools-for-stm32.10.3-2021.10.win32_1.0.200.202301161003/tools/bin/../lib/gcc/arm-none-eabi/10.3.1/../../../../arm-none-eabi/lib/thumb/v7e-m+dp/hard\libnosys.a
END GROUP
START GROUP
LOAD c:/st/stm32cubeide_1.11.2/stm32cubeide/plugins/com.st.stm32cube.ide.mcu.externaltools.gnu-tools-for-stm32.10.3-2021.10.win32_1.0.200.202301161003/tools/bin/../lib/gcc/arm-none-eabi/10.3.1/thumb/v7e-m+dp/hard\libgcc.a
LOAD c:/st/stm32cubeide_1.11.2/stm32cubeide/plugins/com.st.stm32cube.ide.mcu.externaltools.gnu-tools-for-stm32.10.3-2021.10.win32_1.0.200.202301161003/tools/bin/../lib/gcc/arm-none-eabi/10.3.1/../../../../arm-none-eabi/lib/thumb/v7e-m+dp/hard\libc_nano.a
LOAD c:/st/stm32cubeide_1.11.2/stm32cubeide/plugins/com.st.stm32cube.ide.mcu.externaltools.gnu-tools-for-stm32.10.3-2021.10.win32_1.0.200.202301161003/tools/bin/../lib/gcc/arm-none-eabi/10.3.1/../../../../arm-none-eabi/lib/thumb/v7e-m+dp/hard\libnosys.a
END GROUP
LOAD c:/st/stm32cubeide_1.11.2/stm32cubeide/plugins/com.st.stm32cube.ide.mcu.externaltools.gnu-tools-for-stm32.10.3-2021.10.win32_1.0.200.202301161003/tools/bin/../lib/gcc/arm-none-eabi/10.3.1/thumb/v7e-m+dp/hard/crtend.o
LOAD c:/st/stm32cubeide_1.11.2/stm32cubeide/plugins/com.st.stm32cube.ide.mcu.externaltools.gnu-tools-for-stm32.10.3-2021.10.win32_1.0.200.202301161003/tools/bin/../lib/gcc/arm-none-eabi/10.3.1/thumb/v7e-m+dp/hard/crtn.o
                0x0000000024050000                _estack = (ORIGIN (RAM_D1) + LENGTH (RAM_D1))
                0x0000000000000200                _Min_Heap_Size = 0x200
                0x0000000000000400                _Min_Stack_Size = 0x400

.isr_vector     0x0000000008000000      0x2cc
                0x0000000008000000                . = ALIGN (0x4)
 *(.isr_vector)
 .isr_vector    0x0000000008000000      0x2cc ./Core/Startup/startup_stm32h723zgtx.o
                0x0000000008000000                g_pfnVectors
                0x00000000080002cc                . = ALIGN (0x4)

.text           0x00000000080002cc     0xe37c
                0x00000000080002cc                . = ALIGN (0x4)
 *(.text)
 .text          0x00000000080002cc       0x40 c:/st/stm32cubeide_1.11.2/stm32cubeide/plugins/com.st.stm32cube.ide.mcu.externaltools.gnu-tools-for-stm32.10.3-2021.10.win32_1.0.200.202301161003/tools/bin/../lib/gcc/arm-none-eabi/10.3.1/thumb/v7e-m+dp/hard/crtbegin.o
 .text          0x000000000800030c       0x30 c:/st/stm32cubeide_1.11.2/stm32cubeide/plugins/com.st.stm32cube.ide.mcu.externaltools.gnu-tools-for-stm32.10.3-2021.10.win32_1.0.200.202301161003/tools/bin/../lib/gcc/arm-none-eabi/10.3.1/thumb/v7e-m+dp/hard\libgcc.a(_aeabi_uldivmod.o)
                0x000000000800030c                __aeabi_uldivmod
 .text          0x000000000800033c      0x2d0 c:/st/stm32cubeide_1.11.2/stm32cubeide/plugins/com.st.stm32cube.ide.mcu.externaltools.gnu-tools-for-stm32.10.3-2021.10.win32_1.0.200.202301161003/tools/bin/../lib/gcc/arm-none-eabi/10.3.1/thumb/v7e-m+dp/hard\libgcc.a(_udivmoddi4.o)
                0x000000000800033c                __udivmoddi4
 .text          0x000000000800060c        0x4 c:/st/stm32cubeide_1.11.2/stm32cubeide/plugins/com.st.stm32cube.ide.mcu.externaltools.gnu-tools-for-stm32.10.3-2021.10.win32_1.0.200.202301161003/tools/bin/../lib/gcc/arm-none-eabi/10.3.1/thumb/v7e-m+dp/hard\libgcc.a(_dvmd_tls.o)
                0x000000000800060c                __aeabi_idiv0
                0x000000000800060c                __aeabi_ldiv0
 *(.text*)
 .text.HAL_UART_TxCpltCallback
                0x0000000008000610       0x1c ./Core/Src/main.o
                0x0000000008000610                HAL_UART_TxCpltCallback
 .text.HAL_UART_RxCpltCallback
                0x000000000800062c       0x2c ./Core/Src/main.o
                0x000000000800062c                HAL_UART_RxCpltCallback
 .text.main     0x0000000008000658       0x44 ./Core/Src/main.o
                0x0000000008000658                main
 .text.SystemClock_Config
                0x000000000800069c       0xe8 ./Core/Src/main.o
                0x000000000800069c                SystemClock_Config
 .text.MX_UART7_Init
                0x0000000008000784       0x98 ./Core/Src/main.o
 .text.MX_DMA_Init
                0x000000000800081c       0x40 ./Core/Src/main.o
 .text.MX_GPIO_Init
                0x000000000800085c       0xc4 ./Core/Src/main.o
 .text.Error_Handler
                0x0000000008000920        0xa ./Core/Src/main.o
                0x0000000008000920                Error_Handler
 *fill*         0x000000000800092a        0x2 
 .text.HAL_MspInit
                0x000000000800092c       0x34 ./Core/Src/stm32h7xx_hal_msp.o
                0x000000000800092c                HAL_MspInit
 .text.HAL_UART_MspInit
                0x0000000008000960      0x148 ./Core/Src/stm32h7xx_hal_msp.o
                0x0000000008000960                HAL_UART_MspInit
 .text.NMI_Handler
                0x0000000008000aa8        0x6 ./Core/Src/stm32h7xx_it.o
                0x0000000008000aa8                NMI_Handler
 .text.HardFault_Handler
                0x0000000008000aae        0x6 ./Core/Src/stm32h7xx_it.o
                0x0000000008000aae                HardFault_Handler
 .text.MemManage_Handler
                0x0000000008000ab4        0x6 ./Core/Src/stm32h7xx_it.o
                0x0000000008000ab4                MemManage_Handler
 .text.BusFault_Handler
                0x0000000008000aba        0x6 ./Core/Src/stm32h7xx_it.o
                0x0000000008000aba                BusFault_Handler
 .text.UsageFault_Handler
                0x0000000008000ac0        0x6 ./Core/Src/stm32h7xx_it.o
                0x0000000008000ac0                UsageFault_Handler
 .text.SVC_Handler
                0x0000000008000ac6        0xe ./Core/Src/stm32h7xx_it.o
                0x0000000008000ac6                SVC_Handler
 .text.DebugMon_Handler
                0x0000000008000ad4        0xe ./Core/Src/stm32h7xx_it.o
                0x0000000008000ad4                DebugMon_Handler
 .text.PendSV_Handler
                0x0000000008000ae2        0xe ./Core/Src/stm32h7xx_it.o
                0x0000000008000ae2                PendSV_Handler
 .text.SysTick_Handler
                0x0000000008000af0        0xc ./Core/Src/stm32h7xx_it.o
                0x0000000008000af0                SysTick_Handler
 .text.DMA1_Stream5_IRQHandler
                0x0000000008000afc       0x14 ./Core/Src/stm32h7xx_it.o
                0x0000000008000afc                DMA1_Stream5_IRQHandler
 .text.OTG_HS_IRQHandler
                0x0000000008000b10       0x14 ./Core/Src/stm32h7xx_it.o
                0x0000000008000b10                OTG_HS_IRQHandler
 .text.UART7_IRQHandler
                0x0000000008000b24       0x14 ./Core/Src/stm32h7xx_it.o
                0x0000000008000b24                UART7_IRQHandler
 .text.SystemInit
                0x0000000008000b38       0xf0 ./Core/Src/system_stm32h7xx.o
                0x0000000008000b38                SystemInit
 .text.Reset_Handler
                0x0000000008000c28       0x50 ./Core/Startup/startup_stm32h723zgtx.o
                0x0000000008000c28                Reset_Handler
 .text.Default_Handler
                0x0000000008000c78        0x2 ./Core/Startup/startup_stm32h723zgtx.o
                0x0000000008000c78                RTC_Alarm_IRQHandler
                0x0000000008000c78                EXTI2_IRQHandler
                0x0000000008000c78                TIM8_CC_IRQHandler
                0x0000000008000c78                UART8_IRQHandler
                0x0000000008000c78                SPI4_IRQHandler
                0x0000000008000c78                FDCAN3_IT0_IRQHandler
                0x0000000008000c78                TIM1_CC_IRQHandler
                0x0000000008000c78                BDMA_Channel6_IRQHandler
                0x0000000008000c78                DMA2_Stream5_IRQHandler
                0x0000000008000c78                CORDIC_IRQHandler
                0x0000000008000c78                BDMA_Channel1_IRQHandler
                0x0000000008000c78                TAMP_STAMP_IRQHandler
                0x0000000008000c78                EXTI3_IRQHandler
                0x0000000008000c78                LPTIM4_IRQHandler
                0x0000000008000c78                TIM8_TRG_COM_TIM14_IRQHandler
                0x0000000008000c78                LPTIM2_IRQHandler
                0x0000000008000c78                DFSDM1_FLT1_IRQHandler
                0x0000000008000c78                DMAMUX2_OVR_IRQHandler
                0x0000000008000c78                TIM8_UP_TIM13_IRQHandler
                0x0000000008000c78                I2C3_ER_IRQHandler
                0x0000000008000c78                DFSDM1_FLT2_IRQHandler
                0x0000000008000c78                I2C5_EV_IRQHandler
                0x0000000008000c78                USART10_IRQHandler
                0x0000000008000c78                MDMA_IRQHandler
                0x0000000008000c78                LPTIM3_IRQHandler
                0x0000000008000c78                HSEM1_IRQHandler
                0x0000000008000c78                EXTI0_IRQHandler
                0x0000000008000c78                I2C2_EV_IRQHandler
                0x0000000008000c78                DMA1_Stream2_IRQHandler
                0x0000000008000c78                FPU_IRQHandler
                0x0000000008000c78                OTG_HS_WKUP_IRQHandler
                0x0000000008000c78                FDCAN1_IT1_IRQHandler
                0x0000000008000c78                LTDC_ER_IRQHandler
                0x0000000008000c78                DMA2_Stream2_IRQHandler
                0x0000000008000c78                SPI1_IRQHandler
                0x0000000008000c78                OCTOSPI1_IRQHandler
                0x0000000008000c78                TIM6_DAC_IRQHandler
                0x0000000008000c78                DMA2_Stream3_IRQHandler
                0x0000000008000c78                OCTOSPI2_IRQHandler
                0x0000000008000c78                DFSDM1_FLT3_IRQHandler
                0x0000000008000c78                TIM23_IRQHandler
                0x0000000008000c78                USART6_IRQHandler
                0x0000000008000c78                TIM17_IRQHandler
                0x0000000008000c78                USART3_IRQHandler
                0x0000000008000c78                BDMA_Channel7_IRQHandler
                0x0000000008000c78                LPTIM5_IRQHandler
                0x0000000008000c78                UART5_IRQHandler
                0x0000000008000c78                ADC3_IRQHandler
                0x0000000008000c78                DMA2_Stream0_IRQHandler
                0x0000000008000c78                TIM4_IRQHandler
                0x0000000008000c78                BDMA_Channel2_IRQHandler
                0x0000000008000c78                I2C1_EV_IRQHandler
                0x0000000008000c78                DMA1_Stream6_IRQHandler
                0x0000000008000c78                DMAMUX1_OVR_IRQHandler
                0x0000000008000c78                DMA1_Stream1_IRQHandler
                0x0000000008000c78                TIM16_IRQHandler
                0x0000000008000c78                UART4_IRQHandler
                0x0000000008000c78                BDMA_Channel5_IRQHandler
                0x0000000008000c78                TIM3_IRQHandler
                0x0000000008000c78                RCC_IRQHandler
                0x0000000008000c78                UART9_IRQHandler
                0x0000000008000c78                TIM8_BRK_TIM12_IRQHandler
                0x0000000008000c78                TIM1_TRG_COM_IRQHandler
                0x0000000008000c78                Default_Handler
                0x0000000008000c78                ECC_IRQHandler
                0x0000000008000c78                FMAC_IRQHandler
                0x0000000008000c78                CEC_IRQHandler
                0x0000000008000c78                EXTI15_10_IRQHandler
                0x0000000008000c78                BDMA_Channel0_IRQHandler
                0x0000000008000c78                ADC_IRQHandler
                0x0000000008000c78                I2C5_ER_IRQHandler
                0x0000000008000c78                DMA1_Stream7_IRQHandler
                0x0000000008000c78                SPI5_IRQHandler
                0x0000000008000c78                TIM7_IRQHandler
                0x0000000008000c78                FDCAN3_IT1_IRQHandler
                0x0000000008000c78                SDMMC1_IRQHandler
                0x0000000008000c78                TIM5_IRQHandler
                0x0000000008000c78                DMA2_Stream7_IRQHandler
                0x0000000008000c78                TIM15_IRQHandler
                0x0000000008000c78                PVD_AVD_IRQHandler
                0x0000000008000c78                I2C3_EV_IRQHandler
                0x0000000008000c78                EXTI9_5_IRQHandler
                0x0000000008000c78                RTC_WKUP_IRQHandler
                0x0000000008000c78                LTDC_IRQHandler
                0x0000000008000c78                ETH_WKUP_IRQHandler
                0x0000000008000c78                SPDIF_RX_IRQHandler
                0x0000000008000c78                SPI2_IRQHandler
                0x0000000008000c78                OTG_HS_EP1_IN_IRQHandler
                0x0000000008000c78                DMA1_Stream0_IRQHandler
                0x0000000008000c78                TIM24_IRQHandler
                0x0000000008000c78                CRS_IRQHandler
                0x0000000008000c78                EXTI4_IRQHandler
                0x0000000008000c78                RNG_IRQHandler
                0x0000000008000c78                FDCAN2_IT1_IRQHandler
                0x0000000008000c78                ETH_IRQHandler
                0x0000000008000c78                TIM1_UP_IRQHandler
                0x0000000008000c78                BDMA_Channel4_IRQHandler
                0x0000000008000c78                OTG_HS_EP1_OUT_IRQHandler
                0x0000000008000c78                WWDG_IRQHandler
                0x0000000008000c78                SPI6_IRQHandler
                0x0000000008000c78                MDIOS_IRQHandler
                0x0000000008000c78                I2C4_EV_IRQHandler
                0x0000000008000c78                FDCAN2_IT0_IRQHandler
                0x0000000008000c78                LPUART1_IRQHandler
                0x0000000008000c78                FDCAN1_IT0_IRQHandler
                0x0000000008000c78                TIM2_IRQHandler
                0x0000000008000c78                DMA2D_IRQHandler
                0x0000000008000c78                TIM1_BRK_IRQHandler
                0x0000000008000c78                EXTI1_IRQHandler
                0x0000000008000c78                SDMMC2_IRQHandler
                0x0000000008000c78                BDMA_Channel3_IRQHandler
                0x0000000008000c78                DTS_IRQHandler
                0x0000000008000c78                MDIOS_WKUP_IRQHandler
                0x0000000008000c78                USART2_IRQHandler
                0x0000000008000c78                DFSDM1_FLT0_IRQHandler
                0x0000000008000c78                SAI4_IRQHandler
                0x0000000008000c78                I2C2_ER_IRQHandler
                0x0000000008000c78                DMA2_Stream1_IRQHandler
                0x0000000008000c78                FLASH_IRQHandler
                0x0000000008000c78                DMA2_Stream4_IRQHandler
                0x0000000008000c78                USART1_IRQHandler
                0x0000000008000c78                SPI3_IRQHandler
                0x0000000008000c78                WAKEUP_PIN_IRQHandler
                0x0000000008000c78                DMA1_Stream4_IRQHandler
                0x0000000008000c78                I2C1_ER_IRQHandler
                0x0000000008000c78                FMC_IRQHandler
                0x0000000008000c78                FDCAN_CAL_IRQHandler
                0x0000000008000c78                SWPMI1_IRQHandler
                0x0000000008000c78                COMP1_IRQHandler
                0x0000000008000c78                LPTIM1_IRQHandler
                0x0000000008000c78                DCMI_PSSI_IRQHandler
                0x0000000008000c78                I2C4_ER_IRQHandler
                0x0000000008000c78                DMA2_Stream6_IRQHandler
                0x0000000008000c78                SAI1_IRQHandler
                0x0000000008000c78                DMA1_Stream3_IRQHandler
 *fill*         0x0000000008000c7a        0x2 
 .text.HAL_Init
                0x0000000008000c7c       0x78 ./Drivers/STM32H7xx_HAL_Driver/Src/stm32h7xx_hal.o
                0x0000000008000c7c                HAL_Init
 .text.HAL_InitTick
                0x0000000008000cf4       0x6c ./Drivers/STM32H7xx_HAL_Driver/Src/stm32h7xx_hal.o
                0x0000000008000cf4                HAL_InitTick
 .text.HAL_IncTick
                0x0000000008000d60       0x28 ./Drivers/STM32H7xx_HAL_Driver/Src/stm32h7xx_hal.o
                0x0000000008000d60                HAL_IncTick
 .text.HAL_GetTick
                0x0000000008000d88       0x18 ./Drivers/STM32H7xx_HAL_Driver/Src/stm32h7xx_hal.o
                0x0000000008000d88                HAL_GetTick
 .text.HAL_Delay
                0x0000000008000da0       0x48 ./Drivers/STM32H7xx_HAL_Driver/Src/stm32h7xx_hal.o
                0x0000000008000da0                HAL_Delay
 .text.__NVIC_SetPriorityGrouping
                0x0000000008000de8       0x48 ./Drivers/STM32H7xx_HAL_Driver/Src/stm32h7xx_hal_cortex.o
 .text.__NVIC_GetPriorityGrouping
                0x0000000008000e30       0x1c ./Drivers/STM32H7xx_HAL_Driver/Src/stm32h7xx_hal_cortex.o
 .text.__NVIC_EnableIRQ
                0x0000000008000e4c       0x3c ./Drivers/STM32H7xx_HAL_Driver/Src/stm32h7xx_hal_cortex.o
 .text.__NVIC_SetPriority
                0x0000000008000e88       0x54 ./Drivers/STM32H7xx_HAL_Driver/Src/stm32h7xx_hal_cortex.o
 .text.NVIC_EncodePriority
                0x0000000008000edc       0x66 ./Drivers/STM32H7xx_HAL_Driver/Src/stm32h7xx_hal_cortex.o
 *fill*         0x0000000008000f42        0x2 
 .text.SysTick_Config
                0x0000000008000f44       0x44 ./Drivers/STM32H7xx_HAL_Driver/Src/stm32h7xx_hal_cortex.o
 .text.HAL_NVIC_SetPriorityGrouping
                0x0000000008000f88       0x16 ./Drivers/STM32H7xx_HAL_Driver/Src/stm32h7xx_hal_cortex.o
                0x0000000008000f88                HAL_NVIC_SetPriorityGrouping
 .text.HAL_NVIC_SetPriority
                0x0000000008000f9e       0x34 ./Drivers/STM32H7xx_HAL_Driver/Src/stm32h7xx_hal_cortex.o
                0x0000000008000f9e                HAL_NVIC_SetPriority
 .text.HAL_NVIC_EnableIRQ
                0x0000000008000fd2       0x1c ./Drivers/STM32H7xx_HAL_Driver/Src/stm32h7xx_hal_cortex.o
                0x0000000008000fd2                HAL_NVIC_EnableIRQ
 .text.HAL_SYSTICK_Config
                0x0000000008000fee       0x18 ./Drivers/STM32H7xx_HAL_Driver/Src/stm32h7xx_hal_cortex.o
                0x0000000008000fee                HAL_SYSTICK_Config
 *fill*         0x0000000008001006        0x2 
 .text.HAL_DMA_Init
                0x0000000008001008      0x6b4 ./Drivers/STM32H7xx_HAL_Driver/Src/stm32h7xx_hal_dma.o
                0x0000000008001008                HAL_DMA_Init
 .text.HAL_DMA_Start_IT
                0x00000000080016bc      0x4d4 ./Drivers/STM32H7xx_HAL_Driver/Src/stm32h7xx_hal_dma.o
                0x00000000080016bc                HAL_DMA_Start_IT
 .text.HAL_DMA_Abort
                0x0000000008001b90      0x63c ./Drivers/STM32H7xx_HAL_Driver/Src/stm32h7xx_hal_dma.o
                0x0000000008001b90                HAL_DMA_Abort
 .text.HAL_DMA_Abort_IT
                0x00000000080021cc      0x48c ./Drivers/STM32H7xx_HAL_Driver/Src/stm32h7xx_hal_dma.o
                0x00000000080021cc                HAL_DMA_Abort_IT
 .text.HAL_DMA_IRQHandler
                0x0000000008002658      0xe54 ./Drivers/STM32H7xx_HAL_Driver/Src/stm32h7xx_hal_dma.o
                0x0000000008002658                HAL_DMA_IRQHandler
 .text.DMA_SetConfig
                0x00000000080034ac      0x358 ./Drivers/STM32H7xx_HAL_Driver/Src/stm32h7xx_hal_dma.o
 .text.DMA_CalcBaseAndBitshift
                0x0000000008003804      0x164 ./Drivers/STM32H7xx_HAL_Driver/Src/stm32h7xx_hal_dma.o
 .text.DMA_CheckFifoParam
                0x0000000008003968       0xf8 ./Drivers/STM32H7xx_HAL_Driver/Src/stm32h7xx_hal_dma.o
 .text.DMA_CalcDMAMUXChannelBaseAndMask
                0x0000000008003a60      0x134 ./Drivers/STM32H7xx_HAL_Driver/Src/stm32h7xx_hal_dma.o
 .text.DMA_CalcDMAMUXRequestGenBaseAndMask
                0x0000000008003b94       0xe8 ./Drivers/STM32H7xx_HAL_Driver/Src/stm32h7xx_hal_dma.o
 .text.HAL_GPIO_Init
                0x0000000008003c7c      0x350 ./Drivers/STM32H7xx_HAL_Driver/Src/stm32h7xx_hal_gpio.o
                0x0000000008003c7c                HAL_GPIO_Init
 .text.HAL_GPIO_WritePin
                0x0000000008003fcc       0x32 ./Drivers/STM32H7xx_HAL_Driver/Src/stm32h7xx_hal_gpio.o
                0x0000000008003fcc                HAL_GPIO_WritePin
 .text.HAL_GPIO_TogglePin
                0x0000000008003ffe       0x34 ./Drivers/STM32H7xx_HAL_Driver/Src/stm32h7xx_hal_gpio.o
                0x0000000008003ffe                HAL_GPIO_TogglePin
 .text.HAL_PCD_Init
                0x0000000008004032      0x248 ./Drivers/STM32H7xx_HAL_Driver/Src/stm32h7xx_hal_pcd.o
                0x0000000008004032                HAL_PCD_Init
 .text.HAL_PCD_Start
                0x000000000800427a       0x6a ./Drivers/STM32H7xx_HAL_Driver/Src/stm32h7xx_hal_pcd.o
                0x000000000800427a                HAL_PCD_Start
 .text.HAL_PCD_IRQHandler
                0x00000000080042e4      0x998 ./Drivers/STM32H7xx_HAL_Driver/Src/stm32h7xx_hal_pcd.o
                0x00000000080042e4                HAL_PCD_IRQHandler
 .text.HAL_PCD_SetAddress
                0x0000000008004c7c       0x4a ./Drivers/STM32H7xx_HAL_Driver/Src/stm32h7xx_hal_pcd.o
                0x0000000008004c7c                HAL_PCD_SetAddress
 .text.HAL_PCD_EP_Open
                0x0000000008004cc6       0xd0 ./Drivers/STM32H7xx_HAL_Driver/Src/stm32h7xx_hal_pcd.o
                0x0000000008004cc6                HAL_PCD_EP_Open
 .text.HAL_PCD_EP_Close
                0x0000000008004d96       0x94 ./Drivers/STM32H7xx_HAL_Driver/Src/stm32h7xx_hal_pcd.o
                0x0000000008004d96                HAL_PCD_EP_Close
 .text.HAL_PCD_EP_Receive
                0x0000000008004e2a       0x78 ./Drivers/STM32H7xx_HAL_Driver/Src/stm32h7xx_hal_pcd.o
                0x0000000008004e2a                HAL_PCD_EP_Receive
 .text.HAL_PCD_EP_GetRxCount
                0x0000000008004ea2       0x30 ./Drivers/STM32H7xx_HAL_Driver/Src/stm32h7xx_hal_pcd.o
                0x0000000008004ea2                HAL_PCD_EP_GetRxCount
 .text.HAL_PCD_EP_Transmit
                0x0000000008004ed2       0x76 ./Drivers/STM32H7xx_HAL_Driver/Src/stm32h7xx_hal_pcd.o
                0x0000000008004ed2                HAL_PCD_EP_Transmit
 .text.HAL_PCD_EP_SetStall
                0x0000000008004f48       0xc8 ./Drivers/STM32H7xx_HAL_Driver/Src/stm32h7xx_hal_pcd.o
                0x0000000008004f48                HAL_PCD_EP_SetStall
 .text.HAL_PCD_EP_ClrStall
                0x0000000008005010       0xac ./Drivers/STM32H7xx_HAL_Driver/Src/stm32h7xx_hal_pcd.o
                0x0000000008005010                HAL_PCD_EP_ClrStall
 .text.HAL_PCD_EP_Abort
                0x00000000080050bc       0x62 ./Drivers/STM32H7xx_HAL_Driver/Src/stm32h7xx_hal_pcd.o
                0x00000000080050bc                HAL_PCD_EP_Abort
 .text.PCD_WriteEmptyTxFifo
                0x000000000800511e      0x11a ./Drivers/STM32H7xx_HAL_Driver/Src/stm32h7xx_hal_pcd.o
 .text.PCD_EP_OutXfrComplete_int
                0x0000000008005238      0x1d0 ./Drivers/STM32H7xx_HAL_Driver/Src/stm32h7xx_hal_pcd.o
 .text.PCD_EP_OutSetupPacket_int
                0x0000000008005408       0x8c ./Drivers/STM32H7xx_HAL_Driver/Src/stm32h7xx_hal_pcd.o
 .text.HAL_PCDEx_SetTxFiFo
                0x0000000008005494       0x8e ./Drivers/STM32H7xx_HAL_Driver/Src/stm32h7xx_hal_pcd_ex.o
                0x0000000008005494                HAL_PCDEx_SetTxFiFo
 .text.HAL_PCDEx_SetRxFiFo
                0x0000000008005522       0x22 ./Drivers/STM32H7xx_HAL_Driver/Src/stm32h7xx_hal_pcd_ex.o
                0x0000000008005522                HAL_PCDEx_SetRxFiFo
 .text.HAL_PCDEx_ActivateLPM
                0x0000000008005544       0x48 ./Drivers/STM32H7xx_HAL_Driver/Src/stm32h7xx_hal_pcd_ex.o
                0x0000000008005544                HAL_PCDEx_ActivateLPM
 .text.HAL_PCDEx_LPM_Callback
                0x000000000800558c       0x18 ./Drivers/STM32H7xx_HAL_Driver/Src/stm32h7xx_hal_pcd_ex.o
                0x000000000800558c                HAL_PCDEx_LPM_Callback
 .text.HAL_PWREx_ConfigSupply
                0x00000000080055a4       0x74 ./Drivers/STM32H7xx_HAL_Driver/Src/stm32h7xx_hal_pwr_ex.o
                0x00000000080055a4                HAL_PWREx_ConfigSupply
 .text.HAL_PWREx_EnableUSBVoltageDetector
                0x0000000008005618       0x20 ./Drivers/STM32H7xx_HAL_Driver/Src/stm32h7xx_hal_pwr_ex.o
                0x0000000008005618                HAL_PWREx_EnableUSBVoltageDetector
 .text.HAL_RCC_OscConfig
                0x0000000008005638      0x7b4 ./Drivers/STM32H7xx_HAL_Driver/Src/stm32h7xx_hal_rcc.o
                0x0000000008005638                HAL_RCC_OscConfig
 .text.HAL_RCC_ClockConfig
                0x0000000008005dec      0x36c ./Drivers/STM32H7xx_HAL_Driver/Src/stm32h7xx_hal_rcc.o
                0x0000000008005dec                HAL_RCC_ClockConfig
 .text.HAL_RCC_GetSysClockFreq
                0x0000000008006158      0x2f4 ./Drivers/STM32H7xx_HAL_Driver/Src/stm32h7xx_hal_rcc.o
                0x0000000008006158                HAL_RCC_GetSysClockFreq
 .text.HAL_RCC_GetHCLKFreq
                0x000000000800644c       0x60 ./Drivers/STM32H7xx_HAL_Driver/Src/stm32h7xx_hal_rcc.o
                0x000000000800644c                HAL_RCC_GetHCLKFreq
 .text.HAL_RCC_GetPCLK1Freq
                0x00000000080064ac       0x2c ./Drivers/STM32H7xx_HAL_Driver/Src/stm32h7xx_hal_rcc.o
                0x00000000080064ac                HAL_RCC_GetPCLK1Freq
 .text.HAL_RCC_GetPCLK2Freq
                0x00000000080064d8       0x2c ./Drivers/STM32H7xx_HAL_Driver/Src/stm32h7xx_hal_rcc.o
                0x00000000080064d8                HAL_RCC_GetPCLK2Freq
 .text.HAL_RCCEx_PeriphCLKConfig
                0x0000000008006504     0x1340 ./Drivers/STM32H7xx_HAL_Driver/Src/stm32h7xx_hal_rcc_ex.o
                0x0000000008006504                HAL_RCCEx_PeriphCLKConfig
 .text.HAL_RCCEx_GetD3PCLK1Freq
                0x0000000008007844       0x2c ./Drivers/STM32H7xx_HAL_Driver/Src/stm32h7xx_hal_rcc_ex.o
                0x0000000008007844                HAL_RCCEx_GetD3PCLK1Freq
 .text.HAL_RCCEx_GetPLL2ClockFreq
                0x0000000008007870      0x2a8 ./Drivers/STM32H7xx_HAL_Driver/Src/stm32h7xx_hal_rcc_ex.o
                0x0000000008007870                HAL_RCCEx_GetPLL2ClockFreq
 .text.HAL_RCCEx_GetPLL3ClockFreq
                0x0000000008007b18      0x2a8 ./Drivers/STM32H7xx_HAL_Driver/Src/stm32h7xx_hal_rcc_ex.o
                0x0000000008007b18                HAL_RCCEx_GetPLL3ClockFreq
 .text.RCCEx_PLL2_Config
                0x0000000008007dc0      0x164 ./Drivers/STM32H7xx_HAL_Driver/Src/stm32h7xx_hal_rcc_ex.o
 .text.RCCEx_PLL3_Config
                0x0000000008007f24      0x164 ./Drivers/STM32H7xx_HAL_Driver/Src/stm32h7xx_hal_rcc_ex.o
 .text.HAL_UART_Init
                0x0000000008008088       0xa0 ./Drivers/STM32H7xx_HAL_Driver/Src/stm32h7xx_hal_uart.o
                0x0000000008008088                HAL_UART_Init
 .text.HAL_UART_Transmit_IT
                0x0000000008008128      0x128 ./Drivers/STM32H7xx_HAL_Driver/Src/stm32h7xx_hal_uart.o
                0x0000000008008128                HAL_UART_Transmit_IT
 .text.HAL_UART_Receive_DMA
                0x0000000008008250       0x98 ./Drivers/STM32H7xx_HAL_Driver/Src/stm32h7xx_hal_uart.o
                0x0000000008008250                HAL_UART_Receive_DMA
 .text.HAL_UART_IRQHandler
                0x00000000080082e8      0x774 ./Drivers/STM32H7xx_HAL_Driver/Src/stm32h7xx_hal_uart.o
                0x00000000080082e8                HAL_UART_IRQHandler
 .text.HAL_UART_RxHalfCpltCallback
                0x0000000008008a5c       0x14 ./Drivers/STM32H7xx_HAL_Driver/Src/stm32h7xx_hal_uart.o
                0x0000000008008a5c                HAL_UART_RxHalfCpltCallback
 .text.HAL_UART_ErrorCallback
                0x0000000008008a70       0x14 ./Drivers/STM32H7xx_HAL_Driver/Src/stm32h7xx_hal_uart.o
                0x0000000008008a70                HAL_UART_ErrorCallback
 .text.HAL_UARTEx_RxEventCallback
                0x0000000008008a84       0x18 ./Drivers/STM32H7xx_HAL_Driver/Src/stm32h7xx_hal_uart.o
                0x0000000008008a84                HAL_UARTEx_RxEventCallback
 .text.UART_SetConfig
                0x0000000008008a9c      0xcd8 ./Drivers/STM32H7xx_HAL_Driver/Src/stm32h7xx_hal_uart.o
                0x0000000008008a9c                UART_SetConfig
 .text.UART_AdvFeatureConfig
                0x0000000008009774      0x144 ./Drivers/STM32H7xx_HAL_Driver/Src/stm32h7xx_hal_uart.o
                0x0000000008009774                UART_AdvFeatureConfig
 .text.UART_CheckIdleState
                0x00000000080098b8      0x154 ./Drivers/STM32H7xx_HAL_Driver/Src/stm32h7xx_hal_uart.o
                0x00000000080098b8                UART_CheckIdleState
 .text.UART_WaitOnFlagUntilTimeout
                0x0000000008009a0c       0xce ./Drivers/STM32H7xx_HAL_Driver/Src/stm32h7xx_hal_uart.o
                0x0000000008009a0c                UART_WaitOnFlagUntilTimeout
 *fill*         0x0000000008009ada        0x2 
 .text.UART_Start_Receive_DMA
                0x0000000008009adc      0x14c ./Drivers/STM32H7xx_HAL_Driver/Src/stm32h7xx_hal_uart.o
                0x0000000008009adc                UART_Start_Receive_DMA
 .text.UART_EndTxTransfer
                0x0000000008009c28       0x82 ./Drivers/STM32H7xx_HAL_Driver/Src/stm32h7xx_hal_uart.o
 *fill*         0x0000000008009caa        0x2 
 .text.UART_EndRxTransfer
                0x0000000008009cac       0xcc ./Drivers/STM32H7xx_HAL_Driver/Src/stm32h7xx_hal_uart.o
 .text.UART_DMAReceiveCplt
                0x0000000008009d78      0x128 ./Drivers/STM32H7xx_HAL_Driver/Src/stm32h7xx_hal_uart.o
 .text.UART_DMARxHalfCplt
                0x0000000008009ea0       0x3e ./Drivers/STM32H7xx_HAL_Driver/Src/stm32h7xx_hal_uart.o
 .text.UART_DMAError
                0x0000000008009ede       0x80 ./Drivers/STM32H7xx_HAL_Driver/Src/stm32h7xx_hal_uart.o
 .text.UART_DMAAbortOnError
                0x0000000008009f5e       0x2c ./Drivers/STM32H7xx_HAL_Driver/Src/stm32h7xx_hal_uart.o
 .text.UART_TxISR_8BIT
                0x0000000008009f8a       0xb8 ./Drivers/STM32H7xx_HAL_Driver/Src/stm32h7xx_hal_uart.o
 .text.UART_TxISR_16BIT
                0x000000000800a042       0xc2 ./Drivers/STM32H7xx_HAL_Driver/Src/stm32h7xx_hal_uart.o
 .text.UART_TxISR_8BIT_FIFOEN
                0x000000000800a104       0xe0 ./Drivers/STM32H7xx_HAL_Driver/Src/stm32h7xx_hal_uart.o
 .text.UART_TxISR_16BIT_FIFOEN
                0x000000000800a1e4       0xea ./Drivers/STM32H7xx_HAL_Driver/Src/stm32h7xx_hal_uart.o
 .text.UART_EndTransmit_IT
                0x000000000800a2ce       0x56 ./Drivers/STM32H7xx_HAL_Driver/Src/stm32h7xx_hal_uart.o
 .text.HAL_UARTEx_WakeupCallback
                0x000000000800a324       0x14 ./Drivers/STM32H7xx_HAL_Driver/Src/stm32h7xx_hal_uart_ex.o
                0x000000000800a324                HAL_UARTEx_WakeupCallback
 .text.HAL_UARTEx_RxFifoFullCallback
                0x000000000800a338       0x14 ./Drivers/STM32H7xx_HAL_Driver/Src/stm32h7xx_hal_uart_ex.o
                0x000000000800a338                HAL_UARTEx_RxFifoFullCallback
 .text.HAL_UARTEx_TxFifoEmptyCallback
                0x000000000800a34c       0x14 ./Drivers/STM32H7xx_HAL_Driver/Src/stm32h7xx_hal_uart_ex.o
                0x000000000800a34c                HAL_UARTEx_TxFifoEmptyCallback
 .text.HAL_UARTEx_DisableFifoMode
                0x000000000800a360       0x72 ./Drivers/STM32H7xx_HAL_Driver/Src/stm32h7xx_hal_uart_ex.o
                0x000000000800a360                HAL_UARTEx_DisableFifoMode
 .text.HAL_UARTEx_SetTxFifoThreshold
                0x000000000800a3d2       0x7c ./Drivers/STM32H7xx_HAL_Driver/Src/stm32h7xx_hal_uart_ex.o
                0x000000000800a3d2                HAL_UARTEx_SetTxFifoThreshold
 .text.HAL_UARTEx_SetRxFifoThreshold
                0x000000000800a44e       0x7c ./Drivers/STM32H7xx_HAL_Driver/Src/stm32h7xx_hal_uart_ex.o
                0x000000000800a44e                HAL_UARTEx_SetRxFifoThreshold
 *fill*         0x000000000800a4ca        0x2 
 .text.UARTEx_SetNbDataToProcess
                0x000000000800a4cc       0x9c ./Drivers/STM32H7xx_HAL_Driver/Src/stm32h7xx_hal_uart_ex.o
 .text.USB_CoreInit
                0x000000000800a568       0xdc ./Drivers/STM32H7xx_HAL_Driver/Src/stm32h7xx_ll_usb.o
                0x000000000800a568                USB_CoreInit
 .text.USB_SetTurnaroundTime
                0x000000000800a644      0x144 ./Drivers/STM32H7xx_HAL_Driver/Src/stm32h7xx_ll_usb.o
                0x000000000800a644                USB_SetTurnaroundTime
 .text.USB_EnableGlobalInt
                0x000000000800a788       0x22 ./Drivers/STM32H7xx_HAL_Driver/Src/stm32h7xx_ll_usb.o
                0x000000000800a788                USB_EnableGlobalInt
 .text.USB_DisableGlobalInt
                0x000000000800a7aa       0x22 ./Drivers/STM32H7xx_HAL_Driver/Src/stm32h7xx_ll_usb.o
                0x000000000800a7aa                USB_DisableGlobalInt
 .text.USB_SetCurrentMode
                0x000000000800a7cc       0x98 ./Drivers/STM32H7xx_HAL_Driver/Src/stm32h7xx_ll_usb.o
                0x000000000800a7cc                USB_SetCurrentMode
 .text.USB_DevInit
                0x000000000800a864      0x2bc ./Drivers/STM32H7xx_HAL_Driver/Src/stm32h7xx_ll_usb.o
                0x000000000800a864                USB_DevInit
 .text.USB_FlushTxFifo
                0x000000000800ab20       0x68 ./Drivers/STM32H7xx_HAL_Driver/Src/stm32h7xx_ll_usb.o
                0x000000000800ab20                USB_FlushTxFifo
 .text.USB_FlushRxFifo
                0x000000000800ab88       0x60 ./Drivers/STM32H7xx_HAL_Driver/Src/stm32h7xx_ll_usb.o
                0x000000000800ab88                USB_FlushRxFifo
 .text.USB_SetDevSpeed
                0x000000000800abe8       0x32 ./Drivers/STM32H7xx_HAL_Driver/Src/stm32h7xx_ll_usb.o
                0x000000000800abe8                USB_SetDevSpeed
 .text.USB_GetDevSpeed
                0x000000000800ac1a       0x4a ./Drivers/STM32H7xx_HAL_Driver/Src/stm32h7xx_ll_usb.o
                0x000000000800ac1a                USB_GetDevSpeed
 .text.USB_ActivateEndpoint
                0x000000000800ac64      0x110 ./Drivers/STM32H7xx_HAL_Driver/Src/stm32h7xx_ll_usb.o
                0x000000000800ac64                USB_ActivateEndpoint
 .text.USB_DeactivateEndpoint
                0x000000000800ad74      0x1b8 ./Drivers/STM32H7xx_HAL_Driver/Src/stm32h7xx_ll_usb.o
                0x000000000800ad74                USB_DeactivateEndpoint
 .text.USB_EPStartXfer
                0x000000000800af2c      0x540 ./Drivers/STM32H7xx_HAL_Driver/Src/stm32h7xx_ll_usb.o
                0x000000000800af2c                USB_EPStartXfer
 .text.USB_EPStopXfer
                0x000000000800b46c      0x154 ./Drivers/STM32H7xx_HAL_Driver/Src/stm32h7xx_ll_usb.o
                0x000000000800b46c                USB_EPStopXfer
 .text.USB_WritePacket
                0x000000000800b5c0       0x7c ./Drivers/STM32H7xx_HAL_Driver/Src/stm32h7xx_ll_usb.o
                0x000000000800b5c0                USB_WritePacket
 .text.USB_ReadPacket
                0x000000000800b63c       0xb0 ./Drivers/STM32H7xx_HAL_Driver/Src/stm32h7xx_ll_usb.o
                0x000000000800b63c                USB_ReadPacket
 .text.USB_EPSetStall
                0x000000000800b6ec       0xdc ./Drivers/STM32H7xx_HAL_Driver/Src/stm32h7xx_ll_usb.o
                0x000000000800b6ec                USB_EPSetStall
 .text.USB_EPClearStall
                0x000000000800b7c8       0xcc ./Drivers/STM32H7xx_HAL_Driver/Src/stm32h7xx_ll_usb.o
                0x000000000800b7c8                USB_EPClearStall
 .text.USB_SetDevAddress
                0x000000000800b894       0x4c ./Drivers/STM32H7xx_HAL_Driver/Src/stm32h7xx_ll_usb.o
                0x000000000800b894                USB_SetDevAddress
 .text.USB_DevConnect
                0x000000000800b8e0       0x42 ./Drivers/STM32H7xx_HAL_Driver/Src/stm32h7xx_ll_usb.o
                0x000000000800b8e0                USB_DevConnect
 .text.USB_DevDisconnect
                0x000000000800b922       0x42 ./Drivers/STM32H7xx_HAL_Driver/Src/stm32h7xx_ll_usb.o
                0x000000000800b922                USB_DevDisconnect
 .text.USB_ReadInterrupts
                0x000000000800b964       0x26 ./Drivers/STM32H7xx_HAL_Driver/Src/stm32h7xx_ll_usb.o
                0x000000000800b964                USB_ReadInterrupts
 .text.USB_ReadDevAllOutEpInterrupt
                0x000000000800b98a       0x34 ./Drivers/STM32H7xx_HAL_Driver/Src/stm32h7xx_ll_usb.o
                0x000000000800b98a                USB_ReadDevAllOutEpInterrupt
 .text.USB_ReadDevAllInEpInterrupt
                0x000000000800b9be       0x34 ./Drivers/STM32H7xx_HAL_Driver/Src/stm32h7xx_ll_usb.o
                0x000000000800b9be                USB_ReadDevAllInEpInterrupt
 .text.USB_ReadDevOutEPInterrupt
                0x000000000800b9f2       0x3c ./Drivers/STM32H7xx_HAL_Driver/Src/stm32h7xx_ll_usb.o
                0x000000000800b9f2                USB_ReadDevOutEPInterrupt
 .text.USB_ReadDevInEPInterrupt
                0x000000000800ba2e       0x5c ./Drivers/STM32H7xx_HAL_Driver/Src/stm32h7xx_ll_usb.o
                0x000000000800ba2e                USB_ReadDevInEPInterrupt
 .text.USB_GetMode
                0x000000000800ba8a       0x1c ./Drivers/STM32H7xx_HAL_Driver/Src/stm32h7xx_ll_usb.o
                0x000000000800ba8a                USB_GetMode
 *fill*         0x000000000800baa6        0x2 
 .text.USB_ActivateSetup
                0x000000000800baa8       0x48 ./Drivers/STM32H7xx_HAL_Driver/Src/stm32h7xx_ll_usb.o
                0x000000000800baa8                USB_ActivateSetup
 .text.USB_EP0_OutStart
                0x000000000800baf0       0xbc ./Drivers/STM32H7xx_HAL_Driver/Src/stm32h7xx_ll_usb.o
                0x000000000800baf0                USB_EP0_OutStart
 .text.USB_CoreReset
                0x000000000800bbac       0x68 ./Drivers/STM32H7xx_HAL_Driver/Src/stm32h7xx_ll_usb.o
 .text.USBD_CDC_Init
                0x000000000800bc14      0x1f0 ./Middlewares/ST/STM32_USB_Device_Library/Class/CDC/Src/usbd_cdc.o
 .text.USBD_CDC_DeInit
                0x000000000800be04      0x104 ./Middlewares/ST/STM32_USB_Device_Library/Class/CDC/Src/usbd_cdc.o
 .text.USBD_CDC_Setup
                0x000000000800bf08      0x1b8 ./Middlewares/ST/STM32_USB_Device_Library/Class/CDC/Src/usbd_cdc.o
 .text.USBD_CDC_DataIn
                0x000000000800c0c0       0xfe ./Middlewares/ST/STM32_USB_Device_Library/Class/CDC/Src/usbd_cdc.o
 .text.USBD_CDC_DataOut
                0x000000000800c1be       0x70 ./Middlewares/ST/STM32_USB_Device_Library/Class/CDC/Src/usbd_cdc.o
 .text.USBD_CDC_EP0_RxReady
                0x000000000800c22e       0x76 ./Middlewares/ST/STM32_USB_Device_Library/Class/CDC/Src/usbd_cdc.o
 .text.USBD_CDC_GetFSCfgDesc
                0x000000000800c2a4       0x70 ./Middlewares/ST/STM32_USB_Device_Library/Class/CDC/Src/usbd_cdc.o
 .text.USBD_CDC_GetHSCfgDesc
                0x000000000800c314       0x70 ./Middlewares/ST/STM32_USB_Device_Library/Class/CDC/Src/usbd_cdc.o
 .text.USBD_CDC_GetOtherSpeedCfgDesc
                0x000000000800c384       0x70 ./Middlewares/ST/STM32_USB_Device_Library/Class/CDC/Src/usbd_cdc.o
 .text.USBD_CDC_GetDeviceQualifierDescriptor
                0x000000000800c3f4       0x20 ./Middlewares/ST/STM32_USB_Device_Library/Class/CDC/Src/usbd_cdc.o
                0x000000000800c3f4                USBD_CDC_GetDeviceQualifierDescriptor
 .text.USBD_CDC_RegisterInterface
                0x000000000800c414       0x34 ./Middlewares/ST/STM32_USB_Device_Library/Class/CDC/Src/usbd_cdc.o
                0x000000000800c414                USBD_CDC_RegisterInterface
 .text.USBD_CDC_SetTxBuffer
                0x000000000800c448       0x44 ./Middlewares/ST/STM32_USB_Device_Library/Class/CDC/Src/usbd_cdc.o
                0x000000000800c448                USBD_CDC_SetTxBuffer
 .text.USBD_CDC_SetRxBuffer
                0x000000000800c48c       0x3a ./Middlewares/ST/STM32_USB_Device_Library/Class/CDC/Src/usbd_cdc.o
                0x000000000800c48c                USBD_CDC_SetRxBuffer
 *fill*         0x000000000800c4c6        0x2 
 .text.USBD_CDC_TransmitPacket
                0x000000000800c4c8       0x80 ./Middlewares/ST/STM32_USB_Device_Library/Class/CDC/Src/usbd_cdc.o
                0x000000000800c4c8                USBD_CDC_TransmitPacket
 .text.USBD_CDC_ReceivePacket
                0x000000000800c548       0x6c ./Middlewares/ST/STM32_USB_Device_Library/Class/CDC/Src/usbd_cdc.o
                0x000000000800c548                USBD_CDC_ReceivePacket
 .text.USBD_Init
                0x000000000800c5b4       0x60 ./Middlewares/ST/STM32_USB_Device_Library/Core/Src/usbd_core.o
                0x000000000800c5b4                USBD_Init
 .text.USBD_RegisterClass
                0x000000000800c614       0x6c ./Middlewares/ST/STM32_USB_Device_Library/Core/Src/usbd_core.o
                0x000000000800c614                USBD_RegisterClass
 .text.USBD_Start
                0x000000000800c680       0x18 ./Middlewares/ST/STM32_USB_Device_Library/Core/Src/usbd_core.o
                0x000000000800c680                USBD_Start
 .text.USBD_RunTestMode
                0x000000000800c698       0x16 ./Middlewares/ST/STM32_USB_Device_Library/Core/Src/usbd_core.o
                0x000000000800c698                USBD_RunTestMode
 .text.USBD_SetClassConfig
                0x000000000800c6ae       0x38 ./Middlewares/ST/STM32_USB_Device_Library/Core/Src/usbd_core.o
                0x000000000800c6ae                USBD_SetClassConfig
 .text.USBD_ClrClassConfig
                0x000000000800c6e6       0x34 ./Middlewares/ST/STM32_USB_Device_Library/Core/Src/usbd_core.o
                0x000000000800c6e6                USBD_ClrClassConfig
 .text.USBD_LL_SetupStage
                0x000000000800c71a       0xaa ./Middlewares/ST/STM32_USB_Device_Library/Core/Src/usbd_core.o
                0x000000000800c71a                USBD_LL_SetupStage
 .text.USBD_LL_DataOutStage
                0x000000000800c7c4      0x166 ./Middlewares/ST/STM32_USB_Device_Library/Core/Src/usbd_core.o
                0x000000000800c7c4                USBD_LL_DataOutStage
 .text.USBD_LL_DataInStage
                0x000000000800c92a      0x164 ./Middlewares/ST/STM32_USB_Device_Library/Core/Src/usbd_core.o
                0x000000000800c92a                USBD_LL_DataInStage
 .text.USBD_LL_Reset
                0x000000000800ca8e       0xa4 ./Middlewares/ST/STM32_USB_Device_Library/Core/Src/usbd_core.o
                0x000000000800ca8e                USBD_LL_Reset
 .text.USBD_LL_SetSpeed
                0x000000000800cb32       0x20 ./Middlewares/ST/STM32_USB_Device_Library/Core/Src/usbd_core.o
                0x000000000800cb32                USBD_LL_SetSpeed
 .text.USBD_LL_Suspend
                0x000000000800cb52       0x38 ./Middlewares/ST/STM32_USB_Device_Library/Core/Src/usbd_core.o
                0x000000000800cb52                USBD_LL_Suspend
 .text.USBD_LL_Resume
                0x000000000800cb8a       0x30 ./Middlewares/ST/STM32_USB_Device_Library/Core/Src/usbd_core.o
                0x000000000800cb8a                USBD_LL_Resume
 .text.USBD_LL_SOF
                0x000000000800cbba       0x40 ./Middlewares/ST/STM32_USB_Device_Library/Core/Src/usbd_core.o
                0x000000000800cbba                USBD_LL_SOF
 .text.USBD_LL_IsoINIncomplete
                0x000000000800cbfa       0x64 ./Middlewares/ST/STM32_USB_Device_Library/Core/Src/usbd_core.o
                0x000000000800cbfa                USBD_LL_IsoINIncomplete
 .text.USBD_LL_IsoOUTIncomplete
                0x000000000800cc5e       0x64 ./Middlewares/ST/STM32_USB_Device_Library/Core/Src/usbd_core.o
                0x000000000800cc5e                USBD_LL_IsoOUTIncomplete
 .text.USBD_LL_DevConnected
                0x000000000800ccc2       0x16 ./Middlewares/ST/STM32_USB_Device_Library/Core/Src/usbd_core.o
                0x000000000800ccc2                USBD_LL_DevConnected
 .text.USBD_LL_DevDisconnected
                0x000000000800ccd8       0x46 ./Middlewares/ST/STM32_USB_Device_Library/Core/Src/usbd_core.o
                0x000000000800ccd8                USBD_LL_DevDisconnected
 .text.USBD_CoreFindIF
                0x000000000800cd1e       0x1a ./Middlewares/ST/STM32_USB_Device_Library/Core/Src/usbd_core.o
                0x000000000800cd1e                USBD_CoreFindIF
 .text.USBD_CoreFindEP
                0x000000000800cd38       0x1a ./Middlewares/ST/STM32_USB_Device_Library/Core/Src/usbd_core.o
                0x000000000800cd38                USBD_CoreFindEP
 .text.USBD_GetEpDesc
                0x000000000800cd52       0x74 ./Middlewares/ST/STM32_USB_Device_Library/Core/Src/usbd_core.o
                0x000000000800cd52                USBD_GetEpDesc
 .text.USBD_GetNextDesc
                0x000000000800cdc6       0x3a ./Middlewares/ST/STM32_USB_Device_Library/Core/Src/usbd_core.o
                0x000000000800cdc6                USBD_GetNextDesc
 .text.SWAPBYTE
                0x000000000800ce00       0x3c ./Middlewares/ST/STM32_USB_Device_Library/Core/Src/usbd_ctlreq.o
 .text.USBD_StdDevReq
                0x000000000800ce3c       0xe4 ./Middlewares/ST/STM32_USB_Device_Library/Core/Src/usbd_ctlreq.o
                0x000000000800ce3c                USBD_StdDevReq
 .text.USBD_StdItfReq
                0x000000000800cf20       0xd8 ./Middlewares/ST/STM32_USB_Device_Library/Core/Src/usbd_ctlreq.o
                0x000000000800cf20                USBD_StdItfReq
 .text.USBD_StdEPReq
                0x000000000800cff8      0x33a ./Middlewares/ST/STM32_USB_Device_Library/Core/Src/usbd_ctlreq.o
                0x000000000800cff8                USBD_StdEPReq
 *fill*         0x000000000800d332        0x2 
 .text.USBD_GetDescriptor
                0x000000000800d334      0x2d4 ./Middlewares/ST/STM32_USB_Device_Library/Core/Src/usbd_ctlreq.o
 .text.USBD_SetAddress
                0x000000000800d608       0x88 ./Middlewares/ST/STM32_USB_Device_Library/Core/Src/usbd_ctlreq.o
 .text.USBD_SetConfig
                0x000000000800d690      0x154 ./Middlewares/ST/STM32_USB_Device_Library/Core/Src/usbd_ctlreq.o
 .text.USBD_GetConfig
                0x000000000800d7e4       0x6c ./Middlewares/ST/STM32_USB_Device_Library/Core/Src/usbd_ctlreq.o
 .text.USBD_GetStatus
                0x000000000800d850       0x68 ./Middlewares/ST/STM32_USB_Device_Library/Core/Src/usbd_ctlreq.o
 .text.USBD_SetFeature
                0x000000000800d8b8       0x52 ./Middlewares/ST/STM32_USB_Device_Library/Core/Src/usbd_ctlreq.o
 .text.USBD_ClrFeature
                0x000000000800d90a       0x44 ./Middlewares/ST/STM32_USB_Device_Library/Core/Src/usbd_ctlreq.o
 .text.USBD_ParseSetupRequest
                0x000000000800d94e       0x74 ./Middlewares/ST/STM32_USB_Device_Library/Core/Src/usbd_ctlreq.o
                0x000000000800d94e                USBD_ParseSetupRequest
 .text.USBD_CtlError
                0x000000000800d9c2       0x22 ./Middlewares/ST/STM32_USB_Device_Library/Core/Src/usbd_ctlreq.o
                0x000000000800d9c2                USBD_CtlError
 .text.USBD_GetString
                0x000000000800d9e4       0x8c ./Middlewares/ST/STM32_USB_Device_Library/Core/Src/usbd_ctlreq.o
                0x000000000800d9e4                USBD_GetString
 .text.USBD_GetLen
                0x000000000800da70       0x34 ./Middlewares/ST/STM32_USB_Device_Library/Core/Src/usbd_ctlreq.o
 .text.USBD_CtlSendData
                0x000000000800daa4       0x36 ./Middlewares/ST/STM32_USB_Device_Library/Core/Src/usbd_ioreq.o
                0x000000000800daa4                USBD_CtlSendData
 .text.USBD_CtlContinueSendData
                0x000000000800dada       0x22 ./Middlewares/ST/STM32_USB_Device_Library/Core/Src/usbd_ioreq.o
                0x000000000800dada                USBD_CtlContinueSendData
 .text.USBD_CtlPrepareRx
                0x000000000800dafc       0x3a ./Middlewares/ST/STM32_USB_Device_Library/Core/Src/usbd_ioreq.o
                0x000000000800dafc                USBD_CtlPrepareRx
 .text.USBD_CtlContinueRx
                0x000000000800db36       0x22 ./Middlewares/ST/STM32_USB_Device_Library/Core/Src/usbd_ioreq.o
                0x000000000800db36                USBD_CtlContinueRx
 .text.USBD_CtlSendStatus
                0x000000000800db58       0x26 ./Middlewares/ST/STM32_USB_Device_Library/Core/Src/usbd_ioreq.o
                0x000000000800db58                USBD_CtlSendStatus
 .text.USBD_CtlReceiveStatus
                0x000000000800db7e       0x26 ./Middlewares/ST/STM32_USB_Device_Library/Core/Src/usbd_ioreq.o
                0x000000000800db7e                USBD_CtlReceiveStatus
 .text.MX_USB_DEVICE_Init
                0x000000000800dba4       0x64 ./USB_DEVICE/App/usb_device.o
                0x000000000800dba4                MX_USB_DEVICE_Init
 .text.CDC_Init_HS
                0x000000000800dc08       0x28 ./USB_DEVICE/App/usbd_cdc_if.o
 .text.CDC_DeInit_HS
                0x000000000800dc30       0x10 ./USB_DEVICE/App/usbd_cdc_if.o
 .text.CDC_Control_HS
                0x000000000800dc40       0xbc ./USB_DEVICE/App/usbd_cdc_if.o
 .text.CDC_Receive_HS
                0x000000000800dcfc       0x34 ./USB_DEVICE/App/usbd_cdc_if.o
 .text.CDC_Transmit_HS
                0x000000000800dd30       0x4c ./USB_DEVICE/App/usbd_cdc_if.o
                0x000000000800dd30                CDC_Transmit_HS
 .text.CDC_TransmitCplt_HS
                0x000000000800dd7c       0x22 ./USB_DEVICE/App/usbd_cdc_if.o
 *fill*         0x000000000800dd9e        0x2 
 .text.USBD_HS_DeviceDescriptor
                0x000000000800dda0       0x24 ./USB_DEVICE/App/usbd_desc.o
                0x000000000800dda0                USBD_HS_DeviceDescriptor
 .text.USBD_HS_LangIDStrDescriptor
                0x000000000800ddc4       0x24 ./USB_DEVICE/App/usbd_desc.o
                0x000000000800ddc4                USBD_HS_LangIDStrDescriptor
 .text.USBD_HS_ProductStrDescriptor
                0x000000000800dde8       0x3c ./USB_DEVICE/App/usbd_desc.o
                0x000000000800dde8                USBD_HS_ProductStrDescriptor
 .text.USBD_HS_ManufacturerStrDescriptor
                0x000000000800de24       0x28 ./USB_DEVICE/App/usbd_desc.o
                0x000000000800de24                USBD_HS_ManufacturerStrDescriptor
 .text.USBD_HS_SerialStrDescriptor
                0x000000000800de4c       0x24 ./USB_DEVICE/App/usbd_desc.o
                0x000000000800de4c                USBD_HS_SerialStrDescriptor
 .text.USBD_HS_ConfigStrDescriptor
                0x000000000800de70       0x3c ./USB_DEVICE/App/usbd_desc.o
                0x000000000800de70                USBD_HS_ConfigStrDescriptor
 .text.USBD_HS_InterfaceStrDescriptor
                0x000000000800deac       0x3c ./USB_DEVICE/App/usbd_desc.o
                0x000000000800deac                USBD_HS_InterfaceStrDescriptor
 .text.Get_SerialNum
                0x000000000800dee8       0x58 ./USB_DEVICE/App/usbd_desc.o
 .text.IntToUnicode
                0x000000000800df40       0x7e ./USB_DEVICE/App/usbd_desc.o
 *fill*         0x000000000800dfbe        0x2 
 .text.HAL_PCD_MspInit
                0x000000000800dfc0       0x8c ./USB_DEVICE/Target/usbd_conf.o
                0x000000000800dfc0                HAL_PCD_MspInit
 .text.HAL_PCD_SetupStageCallback
                0x000000000800e04c       0x24 ./USB_DEVICE/Target/usbd_conf.o
                0x000000000800e04c                HAL_PCD_SetupStageCallback
 .text.HAL_PCD_DataOutStageCallback
                0x000000000800e070       0x36 ./USB_DEVICE/Target/usbd_conf.o
                0x000000000800e070                HAL_PCD_DataOutStageCallback
 .text.HAL_PCD_DataInStageCallback
                0x000000000800e0a6       0x34 ./USB_DEVICE/Target/usbd_conf.o
                0x000000000800e0a6                HAL_PCD_DataInStageCallback
 .text.HAL_PCD_SOFCallback
                0x000000000800e0da       0x1c ./USB_DEVICE/Target/usbd_conf.o
                0x000000000800e0da                HAL_PCD_SOFCallback
 .text.HAL_PCD_ResetCallback
                0x000000000800e0f6       0x50 ./USB_DEVICE/Target/usbd_conf.o
                0x000000000800e0f6                HAL_PCD_ResetCallback
 *fill*         0x000000000800e146        0x2 
 .text.HAL_PCD_SuspendCallback
                0x000000000800e148       0x4c ./USB_DEVICE/Target/usbd_conf.o
                0x000000000800e148                HAL_PCD_SuspendCallback
 .text.HAL_PCD_ResumeCallback
                0x000000000800e194       0x1c ./USB_DEVICE/Target/usbd_conf.o
                0x000000000800e194                HAL_PCD_ResumeCallback
 .text.HAL_PCD_ISOOUTIncompleteCallback
                0x000000000800e1b0       0x24 ./USB_DEVICE/Target/usbd_conf.o
                0x000000000800e1b0                HAL_PCD_ISOOUTIncompleteCallback
 .text.HAL_PCD_ISOINIncompleteCallback
                0x000000000800e1d4       0x24 ./USB_DEVICE/Target/usbd_conf.o
                0x000000000800e1d4                HAL_PCD_ISOINIncompleteCallback
 .text.HAL_PCD_ConnectCallback
                0x000000000800e1f8       0x1c ./USB_DEVICE/Target/usbd_conf.o
                0x000000000800e1f8                HAL_PCD_ConnectCallback
 .text.HAL_PCD_DisconnectCallback
                0x000000000800e214       0x1c ./USB_DEVICE/Target/usbd_conf.o
                0x000000000800e214                HAL_PCD_DisconnectCallback
 .text.USBD_LL_Init
                0x000000000800e230       0xa4 ./USB_DEVICE/Target/usbd_conf.o
                0x000000000800e230                USBD_LL_Init
 .text.USBD_LL_Start
                0x000000000800e2d4       0x36 ./USB_DEVICE/Target/usbd_conf.o
                0x000000000800e2d4                USBD_LL_Start
 .text.USBD_LL_OpenEP
                0x000000000800e30a       0x4c ./USB_DEVICE/Target/usbd_conf.o
                0x000000000800e30a                USBD_LL_OpenEP
 .text.USBD_LL_CloseEP
                0x000000000800e356       0x3e ./USB_DEVICE/Target/usbd_conf.o
                0x000000000800e356                USBD_LL_CloseEP
 .text.USBD_LL_StallEP
                0x000000000800e394       0x3e ./USB_DEVICE/Target/usbd_conf.o
                0x000000000800e394                USBD_LL_StallEP
 .text.USBD_LL_ClearStallEP
                0x000000000800e3d2       0x3e ./USB_DEVICE/Target/usbd_conf.o
                0x000000000800e3d2                USBD_LL_ClearStallEP
 .text.USBD_LL_IsStallEP
                0x000000000800e410       0x58 ./USB_DEVICE/Target/usbd_conf.o
                0x000000000800e410                USBD_LL_IsStallEP
 .text.USBD_LL_SetUSBAddress
                0x000000000800e468       0x3e ./USB_DEVICE/Target/usbd_conf.o
                0x000000000800e468                USBD_LL_SetUSBAddress
 .text.USBD_LL_Transmit
                0x000000000800e4a6       0x42 ./USB_DEVICE/Target/usbd_conf.o
                0x000000000800e4a6                USBD_LL_Transmit
 .text.USBD_LL_PrepareReceive
                0x000000000800e4e8       0x42 ./USB_DEVICE/Target/usbd_conf.o
                0x000000000800e4e8                USBD_LL_PrepareReceive
 .text.USBD_LL_GetRxDataSize
                0x000000000800e52a       0x26 ./USB_DEVICE/Target/usbd_conf.o
                0x000000000800e52a                USBD_LL_GetRxDataSize
 .text.USBD_static_malloc
                0x000000000800e550       0x1c ./USB_DEVICE/Target/usbd_conf.o
                0x000000000800e550                USBD_static_malloc
 .text.USBD_static_free
                0x000000000800e56c       0x14 ./USB_DEVICE/Target/usbd_conf.o
                0x000000000800e56c                USBD_static_free
 .text.USBD_Get_USB_Status
                0x000000000800e580       0x58 ./USB_DEVICE/Target/usbd_conf.o
                0x000000000800e580                USBD_Get_USB_Status
 .text.__libc_init_array
                0x000000000800e5d8       0x48 c:/st/stm32cubeide_1.11.2/stm32cubeide/plugins/com.st.stm32cube.ide.mcu.externaltools.gnu-tools-for-stm32.10.3-2021.10.win32_1.0.200.202301161003/tools/bin/../lib/gcc/arm-none-eabi/10.3.1/../../../../arm-none-eabi/lib/thumb/v7e-m+dp/hard\libc_nano.a(lib_a-init.o)
                0x000000000800e5d8                __libc_init_array
 .text.memset   0x000000000800e620       0x10 c:/st/stm32cubeide_1.11.2/stm32cubeide/plugins/com.st.stm32cube.ide.mcu.externaltools.gnu-tools-for-stm32.10.3-2021.10.win32_1.0.200.202301161003/tools/bin/../lib/gcc/arm-none-eabi/10.3.1/../../../../arm-none-eabi/lib/thumb/v7e-m+dp/hard\libc_nano.a(lib_a-memset.o)
                0x000000000800e620                memset
 *(.glue_7)
 .glue_7        0x000000000800e630        0x0 linker stubs
 *(.glue_7t)
 .glue_7t       0x000000000800e630        0x0 linker stubs
 *(.eh_frame)
 .eh_frame      0x000000000800e630        0x0 c:/st/stm32cubeide_1.11.2/stm32cubeide/plugins/com.st.stm32cube.ide.mcu.externaltools.gnu-tools-for-stm32.10.3-2021.10.win32_1.0.200.202301161003/tools/bin/../lib/gcc/arm-none-eabi/10.3.1/thumb/v7e-m+dp/hard/crtbegin.o
 *(.init)
 .init          0x000000000800e630        0x4 c:/st/stm32cubeide_1.11.2/stm32cubeide/plugins/com.st.stm32cube.ide.mcu.externaltools.gnu-tools-for-stm32.10.3-2021.10.win32_1.0.200.202301161003/tools/bin/../lib/gcc/arm-none-eabi/10.3.1/thumb/v7e-m+dp/hard/crti.o
                0x000000000800e630                _init
 .init          0x000000000800e634        0x8 c:/st/stm32cubeide_1.11.2/stm32cubeide/plugins/com.st.stm32cube.ide.mcu.externaltools.gnu-tools-for-stm32.10.3-2021.10.win32_1.0.200.202301161003/tools/bin/../lib/gcc/arm-none-eabi/10.3.1/thumb/v7e-m+dp/hard/crtn.o
 *(.fini)
 .fini          0x000000000800e63c        0x4 c:/st/stm32cubeide_1.11.2/stm32cubeide/plugins/com.st.stm32cube.ide.mcu.externaltools.gnu-tools-for-stm32.10.3-2021.10.win32_1.0.200.202301161003/tools/bin/../lib/gcc/arm-none-eabi/10.3.1/thumb/v7e-m+dp/hard/crti.o
                0x000000000800e63c                _fini
 .fini          0x000000000800e640        0x8 c:/st/stm32cubeide_1.11.2/stm32cubeide/plugins/com.st.stm32cube.ide.mcu.externaltools.gnu-tools-for-stm32.10.3-2021.10.win32_1.0.200.202301161003/tools/bin/../lib/gcc/arm-none-eabi/10.3.1/thumb/v7e-m+dp/hard/crtn.o
                0x000000000800e648                . = ALIGN (0x4)
                0x000000000800e648                _etext = .

.vfp11_veneer   0x000000000800e648        0x0
 .vfp11_veneer  0x000000000800e648        0x0 linker stubs

.v4_bx          0x000000000800e648        0x0
 .v4_bx         0x000000000800e648        0x0 linker stubs

.iplt           0x000000000800e648        0x0
 .iplt          0x000000000800e648        0x0 c:/st/stm32cubeide_1.11.2/stm32cubeide/plugins/com.st.stm32cube.ide.mcu.externaltools.gnu-tools-for-stm32.10.3-2021.10.win32_1.0.200.202301161003/tools/bin/../lib/gcc/arm-none-eabi/10.3.1/thumb/v7e-m+dp/hard/crtbegin.o

.rodata         0x000000000800e648       0x88
                0x000000000800e648                . = ALIGN (0x4)
 *(.rodata)
 .rodata        0x000000000800e648       0x46 ./USB_DEVICE/App/usbd_desc.o
 *(.rodata*)
 *fill*         0x000000000800e68e        0x2 
 .rodata.D1CorePrescTable
                0x000000000800e690       0x10 ./Core/Src/system_stm32h7xx.o
                0x000000000800e690                D1CorePrescTable
 .rodata.flagBitshiftOffset.0
                0x000000000800e6a0        0x8 ./Drivers/STM32H7xx_HAL_Driver/Src/stm32h7xx_hal_dma.o
 .rodata.UARTPrescTable
                0x000000000800e6a8       0x18 ./Drivers/STM32H7xx_HAL_Driver/Src/stm32h7xx_hal_uart.o
                0x000000000800e6a8                UARTPrescTable
 .rodata.numerator.1
                0x000000000800e6c0        0x8 ./Drivers/STM32H7xx_HAL_Driver/Src/stm32h7xx_hal_uart_ex.o
 .rodata.denominator.0
                0x000000000800e6c8        0x8 ./Drivers/STM32H7xx_HAL_Driver/Src/stm32h7xx_hal_uart_ex.o
                0x000000000800e6d0                . = ALIGN (0x4)

.ARM.extab
 *(.ARM.extab* .gnu.linkonce.armextab.*)

.ARM            0x000000000800e6d0        0x8
                0x000000000800e6d0                __exidx_start = .
 *(.ARM.exidx*)
 .ARM.exidx     0x000000000800e6d0        0x8 c:/st/stm32cubeide_1.11.2/stm32cubeide/plugins/com.st.stm32cube.ide.mcu.externaltools.gnu-tools-for-stm32.10.3-2021.10.win32_1.0.200.202301161003/tools/bin/../lib/gcc/arm-none-eabi/10.3.1/thumb/v7e-m+dp/hard\libgcc.a(_udivmoddi4.o)
                0x000000000800e6d8                __exidx_end = .

.rel.dyn        0x000000000800e6d8        0x0
 .rel.iplt      0x000000000800e6d8        0x0 c:/st/stm32cubeide_1.11.2/stm32cubeide/plugins/com.st.stm32cube.ide.mcu.externaltools.gnu-tools-for-stm32.10.3-2021.10.win32_1.0.200.202301161003/tools/bin/../lib/gcc/arm-none-eabi/10.3.1/thumb/v7e-m+dp/hard/crtbegin.o

.preinit_array  0x000000000800e6d8        0x0
                0x000000000800e6d8                PROVIDE (__preinit_array_start = .)
 *(.preinit_array*)
                0x000000000800e6d8                PROVIDE (__preinit_array_end = .)

.init_array     0x000000000800e6d8        0x4
                0x000000000800e6d8                PROVIDE (__init_array_start = .)
 *(SORT_BY_NAME(.init_array.*))
 *(.init_array*)
 .init_array    0x000000000800e6d8        0x4 c:/st/stm32cubeide_1.11.2/stm32cubeide/plugins/com.st.stm32cube.ide.mcu.externaltools.gnu-tools-for-stm32.10.3-2021.10.win32_1.0.200.202301161003/tools/bin/../lib/gcc/arm-none-eabi/10.3.1/thumb/v7e-m+dp/hard/crtbegin.o
                0x000000000800e6dc                PROVIDE (__init_array_end = .)

.fini_array     0x000000000800e6dc        0x4
                [!provide]                        PROVIDE (__fini_array_start = .)
 *(SORT_BY_NAME(.fini_array.*))
 *(.fini_array*)
 .fini_array    0x000000000800e6dc        0x4 c:/st/stm32cubeide_1.11.2/stm32cubeide/plugins/com.st.stm32cube.ide.mcu.externaltools.gnu-tools-for-stm32.10.3-2021.10.win32_1.0.200.202301161003/tools/bin/../lib/gcc/arm-none-eabi/10.3.1/thumb/v7e-m+dp/hard/crtbegin.o
                [!provide]                        PROVIDE (__fini_array_end = .)
                0x000000000800e6e0                _sidata = LOADADDR (.data)

.data           0x0000000024000000      0x100 load address 0x000000000800e6e0
                0x0000000024000000                . = ALIGN (0x4)
                0x0000000024000000                _sdata = .
 *(.data)
 *(.data*)
 .data.SystemCoreClock
                0x0000000024000000        0x4 ./Core/Src/system_stm32h7xx.o
                0x0000000024000000                SystemCoreClock
 .data.SystemD2Clock
                0x0000000024000004        0x4 ./Core/Src/system_stm32h7xx.o
                0x0000000024000004                SystemD2Clock
 .data.uwTickPrio
                0x0000000024000008        0x4 ./Drivers/STM32H7xx_HAL_Driver/Src/stm32h7xx_hal.o
                0x0000000024000008                uwTickPrio
 .data.uwTickFreq
                0x000000002400000c        0x1 ./Drivers/STM32H7xx_HAL_Driver/Src/stm32h7xx_hal.o
                0x000000002400000c                uwTickFreq
 *fill*         0x000000002400000d        0x3 
 .data.USBD_CDC_DeviceQualifierDesc
                0x0000000024000010        0xa ./Middlewares/ST/STM32_USB_Device_Library/Class/CDC/Src/usbd_cdc.o
 *fill*         0x000000002400001a        0x2 
 .data.USBD_CDC
                0x000000002400001c       0x38 ./Middlewares/ST/STM32_USB_Device_Library/Class/CDC/Src/usbd_cdc.o
                0x000000002400001c                USBD_CDC
 .data.USBD_CDC_CfgDesc
                0x0000000024000054       0x43 ./Middlewares/ST/STM32_USB_Device_Library/Class/CDC/Src/usbd_cdc.o
 .data.CDCInEpAdd
                0x0000000024000097        0x1 ./Middlewares/ST/STM32_USB_Device_Library/Class/CDC/Src/usbd_cdc.o
 .data.CDCOutEpAdd
                0x0000000024000098        0x1 ./Middlewares/ST/STM32_USB_Device_Library/Class/CDC/Src/usbd_cdc.o
 .data.CDCCmdEpAdd
                0x0000000024000099        0x1 ./Middlewares/ST/STM32_USB_Device_Library/Class/CDC/Src/usbd_cdc.o
 *fill*         0x000000002400009a        0x2 
 .data.USBD_Interface_fops_HS
                0x000000002400009c       0x14 ./USB_DEVICE/App/usbd_cdc_if.o
                0x000000002400009c                USBD_Interface_fops_HS
 .data.HS_Desc  0x00000000240000b0       0x1c ./USB_DEVICE/App/usbd_desc.o
                0x00000000240000b0                HS_Desc
 .data.USBD_HS_DeviceDesc
                0x00000000240000cc       0x12 ./USB_DEVICE/App/usbd_desc.o
                0x00000000240000cc                USBD_HS_DeviceDesc
 *fill*         0x00000000240000de        0x2 
 .data.USBD_LangIDDesc
                0x00000000240000e0        0x4 ./USB_DEVICE/App/usbd_desc.o
                0x00000000240000e0                USBD_LangIDDesc
 .data.USBD_StringSerial
                0x00000000240000e4       0x1a ./USB_DEVICE/App/usbd_desc.o
                0x00000000240000e4                USBD_StringSerial
 *(.RamFunc)
 *(.RamFunc*)
                0x0000000024000100                . = ALIGN (0x4)
 *fill*         0x00000000240000fe        0x2 
                0x0000000024000100                _edata = .

.igot.plt       0x0000000024000100        0x0 load address 0x000000000800e7e0
 .igot.plt      0x0000000024000100        0x0 c:/st/stm32cubeide_1.11.2/stm32cubeide/plugins/com.st.stm32cube.ide.mcu.externaltools.gnu-tools-for-stm32.10.3-2021.10.win32_1.0.200.202301161003/tools/bin/../lib/gcc/arm-none-eabi/10.3.1/thumb/v7e-m+dp/hard/crtbegin.o
                0x0000000024000100                . = ALIGN (0x4)

.bss            0x0000000024000100      0xd58 load address 0x000000000800e7e0
                0x0000000024000100                _sbss = .
                0x0000000024000100                __bss_start__ = _sbss
 *(.bss)
 .bss           0x0000000024000100       0x1c c:/st/stm32cubeide_1.11.2/stm32cubeide/plugins/com.st.stm32cube.ide.mcu.externaltools.gnu-tools-for-stm32.10.3-2021.10.win32_1.0.200.202301161003/tools/bin/../lib/gcc/arm-none-eabi/10.3.1/thumb/v7e-m+dp/hard/crtbegin.o
 *(.bss*)
 .bss.huart7    0x000000002400011c       0x94 ./Core/Src/main.o
                0x000000002400011c                huart7
 .bss.hdma_uart7_rx
                0x00000000240001b0       0x78 ./Core/Src/main.o
                0x00000000240001b0                hdma_uart7_rx
 .bss.UART_rxBuffer
                0x0000000024000228        0xb ./Core/Src/main.o
                0x0000000024000228                UART_rxBuffer
 *fill*         0x0000000024000233        0x1 
 .bss.uwTick    0x0000000024000234        0x4 ./Drivers/STM32H7xx_HAL_Driver/Src/stm32h7xx_hal.o
                0x0000000024000234                uwTick
 .bss.cfgidx.0  0x0000000024000238        0x1 ./Middlewares/ST/STM32_USB_Device_Library/Core/Src/usbd_ctlreq.o
 *fill*         0x0000000024000239        0x3 
 .bss.hUsbDeviceHS
                0x000000002400023c      0x2dc ./USB_DEVICE/App/usb_device.o
                0x000000002400023c                hUsbDeviceHS
 .bss.UserRxBufferHS
                0x0000000024000518        0x5 ./USB_DEVICE/App/usbd_cdc_if.o
                0x0000000024000518                UserRxBufferHS
 *fill*         0x000000002400051d        0x3 
 .bss.UserTxBufferHS
                0x0000000024000520        0xb ./USB_DEVICE/App/usbd_cdc_if.o
                0x0000000024000520                UserTxBufferHS
 *fill*         0x000000002400052b        0x1 
 .bss.USBD_StrDesc
                0x000000002400052c      0x200 ./USB_DEVICE/App/usbd_desc.o
                0x000000002400052c                USBD_StrDesc
 .bss.hpcd_USB_OTG_HS
                0x000000002400072c      0x50c ./USB_DEVICE/Target/usbd_conf.o
                0x000000002400072c                hpcd_USB_OTG_HS
 .bss.mem.0     0x0000000024000c38      0x220 ./USB_DEVICE/Target/usbd_conf.o
 *(COMMON)
                0x0000000024000e58                . = ALIGN (0x4)
                0x0000000024000e58                _ebss = .
                0x0000000024000e58                __bss_end__ = _ebss

._user_heap_stack
                0x0000000024000e58      0x600 load address 0x000000000800e7e0
                0x0000000024000e58                . = ALIGN (0x8)
                [!provide]                        PROVIDE (end = .)
                0x0000000024000e58                PROVIDE (_end = .)
                0x0000000024001058                . = (. + _Min_Heap_Size)
 *fill*         0x0000000024000e58      0x200 
                0x0000000024001458                . = (. + _Min_Stack_Size)
 *fill*         0x0000000024001058      0x400 
                0x0000000024001458                . = ALIGN (0x8)

/DISCARD/
 libc.a(*)
 libm.a(*)
 libgcc.a(*)

.ARM.attributes
                0x0000000000000000       0x2e
 *(.ARM.attributes)
 .ARM.attributes
                0x0000000000000000       0x1e c:/st/stm32cubeide_1.11.2/stm32cubeide/plugins/com.st.stm32cube.ide.mcu.externaltools.gnu-tools-for-stm32.10.3-2021.10.win32_1.0.200.202301161003/tools/bin/../lib/gcc/arm-none-eabi/10.3.1/thumb/v7e-m+dp/hard/crti.o
 .ARM.attributes
                0x000000000000001e       0x32 c:/st/stm32cubeide_1.11.2/stm32cubeide/plugins/com.st.stm32cube.ide.mcu.externaltools.gnu-tools-for-stm32.10.3-2021.10.win32_1.0.200.202301161003/tools/bin/../lib/gcc/arm-none-eabi/10.3.1/thumb/v7e-m+dp/hard/crtbegin.o
 .ARM.attributes
                0x0000000000000050       0x32 ./Core/Src/main.o
 .ARM.attributes
                0x0000000000000082       0x32 ./Core/Src/stm32h7xx_hal_msp.o
 .ARM.attributes
                0x00000000000000b4       0x32 ./Core/Src/stm32h7xx_it.o
 .ARM.attributes
                0x00000000000000e6       0x32 ./Core/Src/system_stm32h7xx.o
 .ARM.attributes
                0x0000000000000118       0x21 ./Core/Startup/startup_stm32h723zgtx.o
 .ARM.attributes
                0x0000000000000139       0x32 ./Drivers/STM32H7xx_HAL_Driver/Src/stm32h7xx_hal.o
 .ARM.attributes
                0x000000000000016b       0x32 ./Drivers/STM32H7xx_HAL_Driver/Src/stm32h7xx_hal_cortex.o
 .ARM.attributes
                0x000000000000019d       0x32 ./Drivers/STM32H7xx_HAL_Driver/Src/stm32h7xx_hal_dma.o
 .ARM.attributes
                0x00000000000001cf       0x32 ./Drivers/STM32H7xx_HAL_Driver/Src/stm32h7xx_hal_gpio.o
 .ARM.attributes
                0x0000000000000201       0x32 ./Drivers/STM32H7xx_HAL_Driver/Src/stm32h7xx_hal_pcd.o
 .ARM.attributes
                0x0000000000000233       0x32 ./Drivers/STM32H7xx_HAL_Driver/Src/stm32h7xx_hal_pcd_ex.o
 .ARM.attributes
                0x0000000000000265       0x32 ./Drivers/STM32H7xx_HAL_Driver/Src/stm32h7xx_hal_pwr_ex.o
 .ARM.attributes
                0x0000000000000297       0x32 ./Drivers/STM32H7xx_HAL_Driver/Src/stm32h7xx_hal_rcc.o
 .ARM.attributes
                0x00000000000002c9       0x32 ./Drivers/STM32H7xx_HAL_Driver/Src/stm32h7xx_hal_rcc_ex.o
 .ARM.attributes
                0x00000000000002fb       0x32 ./Drivers/STM32H7xx_HAL_Driver/Src/stm32h7xx_hal_uart.o
 .ARM.attributes
                0x000000000000032d       0x32 ./Drivers/STM32H7xx_HAL_Driver/Src/stm32h7xx_hal_uart_ex.o
 .ARM.attributes
                0x000000000000035f       0x32 ./Drivers/STM32H7xx_HAL_Driver/Src/stm32h7xx_ll_usb.o
 .ARM.attributes
                0x0000000000000391       0x32 ./Middlewares/ST/STM32_USB_Device_Library/Class/CDC/Src/usbd_cdc.o
 .ARM.attributes
                0x00000000000003c3       0x32 ./Middlewares/ST/STM32_USB_Device_Library/Core/Src/usbd_core.o
 .ARM.attributes
                0x00000000000003f5       0x32 ./Middlewares/ST/STM32_USB_Device_Library/Core/Src/usbd_ctlreq.o
 .ARM.attributes
                0x0000000000000427       0x32 ./Middlewares/ST/STM32_USB_Device_Library/Core/Src/usbd_ioreq.o
 .ARM.attributes
                0x0000000000000459       0x32 ./USB_DEVICE/App/usb_device.o
 .ARM.attributes
                0x000000000000048b       0x32 ./USB_DEVICE/App/usbd_cdc_if.o
 .ARM.attributes
                0x00000000000004bd       0x32 ./USB_DEVICE/App/usbd_desc.o
 .ARM.attributes
                0x00000000000004ef       0x32 ./USB_DEVICE/Target/usbd_conf.o
 .ARM.attributes
                0x0000000000000521       0x32 c:/st/stm32cubeide_1.11.2/stm32cubeide/plugins/com.st.stm32cube.ide.mcu.externaltools.gnu-tools-for-stm32.10.3-2021.10.win32_1.0.200.202301161003/tools/bin/../lib/gcc/arm-none-eabi/10.3.1/../../../../arm-none-eabi/lib/thumb/v7e-m+dp/hard\libc_nano.a(lib_a-init.o)
 .ARM.attributes
                0x0000000000000553       0x32 c:/st/stm32cubeide_1.11.2/stm32cubeide/plugins/com.st.stm32cube.ide.mcu.externaltools.gnu-tools-for-stm32.10.3-2021.10.win32_1.0.200.202301161003/tools/bin/../lib/gcc/arm-none-eabi/10.3.1/../../../../arm-none-eabi/lib/thumb/v7e-m+dp/hard\libc_nano.a(lib_a-memset.o)
 .ARM.attributes
                0x0000000000000585       0x1e c:/st/stm32cubeide_1.11.2/stm32cubeide/plugins/com.st.stm32cube.ide.mcu.externaltools.gnu-tools-for-stm32.10.3-2021.10.win32_1.0.200.202301161003/tools/bin/../lib/gcc/arm-none-eabi/10.3.1/thumb/v7e-m+dp/hard\libgcc.a(_aeabi_uldivmod.o)
 .ARM.attributes
                0x00000000000005a3       0x32 c:/st/stm32cubeide_1.11.2/stm32cubeide/plugins/com.st.stm32cube.ide.mcu.externaltools.gnu-tools-for-stm32.10.3-2021.10.win32_1.0.200.202301161003/tools/bin/../lib/gcc/arm-none-eabi/10.3.1/thumb/v7e-m+dp/hard\libgcc.a(_udivmoddi4.o)
 .ARM.attributes
                0x00000000000005d5       0x1e c:/st/stm32cubeide_1.11.2/stm32cubeide/plugins/com.st.stm32cube.ide.mcu.externaltools.gnu-tools-for-stm32.10.3-2021.10.win32_1.0.200.202301161003/tools/bin/../lib/gcc/arm-none-eabi/10.3.1/thumb/v7e-m+dp/hard\libgcc.a(_dvmd_tls.o)
 .ARM.attributes
                0x00000000000005f3       0x1e c:/st/stm32cubeide_1.11.2/stm32cubeide/plugins/com.st.stm32cube.ide.mcu.externaltools.gnu-tools-for-stm32.10.3-2021.10.win32_1.0.200.202301161003/tools/bin/../lib/gcc/arm-none-eabi/10.3.1/thumb/v7e-m+dp/hard/crtn.o
OUTPUT(coregwUART.elf elf32-littlearm)
LOAD linker stubs
LOAD c:/st/stm32cubeide_1.11.2/stm32cubeide/plugins/com.st.stm32cube.ide.mcu.externaltools.gnu-tools-for-stm32.10.3-2021.10.win32_1.0.200.202301161003/tools/bin/../lib/gcc/arm-none-eabi/10.3.1/../../../../arm-none-eabi/lib/thumb/v7e-m+dp/hard\libc.a
LOAD c:/st/stm32cubeide_1.11.2/stm32cubeide/plugins/com.st.stm32cube.ide.mcu.externaltools.gnu-tools-for-stm32.10.3-2021.10.win32_1.0.200.202301161003/tools/bin/../lib/gcc/arm-none-eabi/10.3.1/../../../../arm-none-eabi/lib/thumb/v7e-m+dp/hard\libm.a
LOAD c:/st/stm32cubeide_1.11.2/stm32cubeide/plugins/com.st.stm32cube.ide.mcu.externaltools.gnu-tools-for-stm32.10.3-2021.10.win32_1.0.200.202301161003/tools/bin/../lib/gcc/arm-none-eabi/10.3.1/thumb/v7e-m+dp/hard\libgcc.a

.debug_info     0x0000000000000000    0x1c6a2
 .debug_info    0x0000000000000000     0x1657 ./Core/Src/main.o
 .debug_info    0x0000000000001657     0x14fc ./Core/Src/stm32h7xx_hal_msp.o
 .debug_info    0x0000000000002b53      0xdeb ./Core/Src/stm32h7xx_it.o
 .debug_info    0x000000000000393e      0xb45 ./Core/Src/system_stm32h7xx.o
 .debug_info    0x0000000000004483       0x22 ./Core/Startup/startup_stm32h723zgtx.o
 .debug_info    0x00000000000044a5     0x1746 ./Drivers/STM32H7xx_HAL_Driver/Src/stm32h7xx_hal.o
 .debug_info    0x0000000000005beb     0x1161 ./Drivers/STM32H7xx_HAL_Driver/Src/stm32h7xx_hal_cortex.o
 .debug_info    0x0000000000006d4c      0xc06 ./Drivers/STM32H7xx_HAL_Driver/Src/stm32h7xx_hal_dma.o
 .debug_info    0x0000000000007952      0xd37 ./Drivers/STM32H7xx_HAL_Driver/Src/stm32h7xx_hal_gpio.o
 .debug_info    0x0000000000008689     0x169e ./Drivers/STM32H7xx_HAL_Driver/Src/stm32h7xx_hal_pcd.o
 .debug_info    0x0000000000009d27      0x913 ./Drivers/STM32H7xx_HAL_Driver/Src/stm32h7xx_hal_pcd_ex.o
 .debug_info    0x000000000000a63a      0xe71 ./Drivers/STM32H7xx_HAL_Driver/Src/stm32h7xx_hal_pwr_ex.o
 .debug_info    0x000000000000b4ab      0xe4a ./Drivers/STM32H7xx_HAL_Driver/Src/stm32h7xx_hal_rcc.o
 .debug_info    0x000000000000c2f5     0x12be ./Drivers/STM32H7xx_HAL_Driver/Src/stm32h7xx_hal_rcc_ex.o
 .debug_info    0x000000000000d5b3     0x4dca ./Drivers/STM32H7xx_HAL_Driver/Src/stm32h7xx_hal_uart.o
 .debug_info    0x000000000001237d     0x105a ./Drivers/STM32H7xx_HAL_Driver/Src/stm32h7xx_hal_uart_ex.o
 .debug_info    0x00000000000133d7     0x1b52 ./Drivers/STM32H7xx_HAL_Driver/Src/stm32h7xx_ll_usb.o
 .debug_info    0x0000000000014f29     0x13b0 ./Middlewares/ST/STM32_USB_Device_Library/Class/CDC/Src/usbd_cdc.o
 .debug_info    0x00000000000162d9      0xef5 ./Middlewares/ST/STM32_USB_Device_Library/Core/Src/usbd_core.o
 .debug_info    0x00000000000171ce      0xb8d ./Middlewares/ST/STM32_USB_Device_Library/Core/Src/usbd_ctlreq.o
 .debug_info    0x0000000000017d5b      0x7e8 ./Middlewares/ST/STM32_USB_Device_Library/Core/Src/usbd_ioreq.o
 .debug_info    0x0000000000018543      0x781 ./USB_DEVICE/App/usb_device.o
 .debug_info    0x0000000000018cc4     0x10a0 ./USB_DEVICE/App/usbd_cdc_if.o
 .debug_info    0x0000000000019d64      0x49d ./USB_DEVICE/App/usbd_desc.o
 .debug_info    0x000000000001a201     0x24a1 ./USB_DEVICE/Target/usbd_conf.o

.debug_abbrev   0x0000000000000000     0x397c
 .debug_abbrev  0x0000000000000000      0x2c5 ./Core/Src/main.o
 .debug_abbrev  0x00000000000002c5      0x216 ./Core/Src/stm32h7xx_hal_msp.o
 .debug_abbrev  0x00000000000004db      0x1c9 ./Core/Src/stm32h7xx_it.o
 .debug_abbrev  0x00000000000006a4      0x136 ./Core/Src/system_stm32h7xx.o
 .debug_abbrev  0x00000000000007da       0x12 ./Core/Startup/startup_stm32h723zgtx.o
 .debug_abbrev  0x00000000000007ec      0x292 ./Drivers/STM32H7xx_HAL_Driver/Src/stm32h7xx_hal.o
 .debug_abbrev  0x0000000000000a7e      0x329 ./Drivers/STM32H7xx_HAL_Driver/Src/stm32h7xx_hal_cortex.o
 .debug_abbrev  0x0000000000000da7      0x239 ./Drivers/STM32H7xx_HAL_Driver/Src/stm32h7xx_hal_dma.o
 .debug_abbrev  0x0000000000000fe0      0x1ec ./Drivers/STM32H7xx_HAL_Driver/Src/stm32h7xx_hal_gpio.o
 .debug_abbrev  0x00000000000011cc      0x2d2 ./Drivers/STM32H7xx_HAL_Driver/Src/stm32h7xx_hal_pcd.o
 .debug_abbrev  0x000000000000149e      0x24a ./Drivers/STM32H7xx_HAL_Driver/Src/stm32h7xx_hal_pcd_ex.o
 .debug_abbrev  0x00000000000016e8      0x27e ./Drivers/STM32H7xx_HAL_Driver/Src/stm32h7xx_hal_pwr_ex.o
 .debug_abbrev  0x0000000000001966      0x2a7 ./Drivers/STM32H7xx_HAL_Driver/Src/stm32h7xx_hal_rcc.o
 .debug_abbrev  0x0000000000001c0d      0x25c ./Drivers/STM32H7xx_HAL_Driver/Src/stm32h7xx_hal_rcc_ex.o
 .debug_abbrev  0x0000000000001e69      0x325 ./Drivers/STM32H7xx_HAL_Driver/Src/stm32h7xx_hal_uart.o
 .debug_abbrev  0x000000000000218e      0x2bd ./Drivers/STM32H7xx_HAL_Driver/Src/stm32h7xx_hal_uart_ex.o
 .debug_abbrev  0x000000000000244b      0x296 ./Drivers/STM32H7xx_HAL_Driver/Src/stm32h7xx_ll_usb.o
 .debug_abbrev  0x00000000000026e1      0x2be ./Middlewares/ST/STM32_USB_Device_Library/Class/CDC/Src/usbd_cdc.o
 .debug_abbrev  0x000000000000299f      0x263 ./Middlewares/ST/STM32_USB_Device_Library/Core/Src/usbd_core.o
 .debug_abbrev  0x0000000000002c02      0x25c ./Middlewares/ST/STM32_USB_Device_Library/Core/Src/usbd_ctlreq.o
 .debug_abbrev  0x0000000000002e5e      0x18a ./Middlewares/ST/STM32_USB_Device_Library/Core/Src/usbd_ioreq.o
 .debug_abbrev  0x0000000000002fe8      0x19d ./USB_DEVICE/App/usb_device.o
 .debug_abbrev  0x0000000000003185      0x2d0 ./USB_DEVICE/App/usbd_cdc_if.o
 .debug_abbrev  0x0000000000003455      0x209 ./USB_DEVICE/App/usbd_desc.o
 .debug_abbrev  0x000000000000365e      0x31e ./USB_DEVICE/Target/usbd_conf.o

.debug_aranges  0x0000000000000000     0x1248
 .debug_aranges
                0x0000000000000000       0x58 ./Core/Src/main.o
 .debug_aranges
                0x0000000000000058       0x30 ./Core/Src/stm32h7xx_hal_msp.o
 .debug_aranges
                0x0000000000000088       0x78 ./Core/Src/stm32h7xx_it.o
 .debug_aranges
                0x0000000000000100       0x28 ./Core/Src/system_stm32h7xx.o
 .debug_aranges
                0x0000000000000128       0x28 ./Core/Startup/startup_stm32h723zgtx.o
 .debug_aranges
                0x0000000000000150      0x1c8 ./Drivers/STM32H7xx_HAL_Driver/Src/stm32h7xx_hal.o
 .debug_aranges
                0x0000000000000318      0x120 ./Drivers/STM32H7xx_HAL_Driver/Src/stm32h7xx_hal_cortex.o
 .debug_aranges
                0x0000000000000438       0xa0 ./Drivers/STM32H7xx_HAL_Driver/Src/stm32h7xx_hal_dma.o
 .debug_aranges
                0x00000000000004d8       0x58 ./Drivers/STM32H7xx_HAL_Driver/Src/stm32h7xx_hal_gpio.o
 .debug_aranges
                0x0000000000000530      0x140 ./Drivers/STM32H7xx_HAL_Driver/Src/stm32h7xx_hal_pcd.o
 .debug_aranges
                0x0000000000000670       0x60 ./Drivers/STM32H7xx_HAL_Driver/Src/stm32h7xx_hal_pcd_ex.o
 .debug_aranges
                0x00000000000006d0      0x148 ./Drivers/STM32H7xx_HAL_Driver/Src/stm32h7xx_hal_pwr_ex.o
 .debug_aranges
                0x0000000000000818       0x88 ./Drivers/STM32H7xx_HAL_Driver/Src/stm32h7xx_hal_rcc.o
 .debug_aranges
                0x00000000000008a0       0xf8 ./Drivers/STM32H7xx_HAL_Driver/Src/stm32h7xx_hal_rcc_ex.o
 .debug_aranges
                0x0000000000000998      0x248 ./Drivers/STM32H7xx_HAL_Driver/Src/stm32h7xx_hal_uart.o
 .debug_aranges
                0x0000000000000be0       0xa8 ./Drivers/STM32H7xx_HAL_Driver/Src/stm32h7xx_hal_uart_ex.o
 .debug_aranges
                0x0000000000000c88      0x1a0 ./Drivers/STM32H7xx_HAL_Driver/Src/stm32h7xx_ll_usb.o
 .debug_aranges
                0x0000000000000e28       0x90 ./Middlewares/ST/STM32_USB_Device_Library/Class/CDC/Src/usbd_cdc.o
 .debug_aranges
                0x0000000000000eb8       0xd8 ./Middlewares/ST/STM32_USB_Device_Library/Core/Src/usbd_core.o
 .debug_aranges
                0x0000000000000f90       0x90 ./Middlewares/ST/STM32_USB_Device_Library/Core/Src/usbd_ctlreq.o
 .debug_aranges
                0x0000000000001020       0x50 ./Middlewares/ST/STM32_USB_Device_Library/Core/Src/usbd_ioreq.o
 .debug_aranges
                0x0000000000001070       0x20 ./USB_DEVICE/App/usb_device.o
 .debug_aranges
                0x0000000000001090       0x48 ./USB_DEVICE/App/usbd_cdc_if.o
 .debug_aranges
                0x00000000000010d8       0x60 ./USB_DEVICE/App/usbd_desc.o
 .debug_aranges
                0x0000000000001138      0x110 ./USB_DEVICE/Target/usbd_conf.o

.debug_ranges   0x0000000000000000     0x10f0
 .debug_ranges  0x0000000000000000       0x48 ./Core/Src/main.o
 .debug_ranges  0x0000000000000048       0x20 ./Core/Src/stm32h7xx_hal_msp.o
 .debug_ranges  0x0000000000000068       0x68 ./Core/Src/stm32h7xx_it.o
 .debug_ranges  0x00000000000000d0       0x18 ./Core/Src/system_stm32h7xx.o
 .debug_ranges  0x00000000000000e8       0x20 ./Core/Startup/startup_stm32h723zgtx.o
 .debug_ranges  0x0000000000000108      0x1b8 ./Drivers/STM32H7xx_HAL_Driver/Src/stm32h7xx_hal.o
 .debug_ranges  0x00000000000002c0      0x110 ./Drivers/STM32H7xx_HAL_Driver/Src/stm32h7xx_hal_cortex.o
 .debug_ranges  0x00000000000003d0       0x90 ./Drivers/STM32H7xx_HAL_Driver/Src/stm32h7xx_hal_dma.o
 .debug_ranges  0x0000000000000460       0x48 ./Drivers/STM32H7xx_HAL_Driver/Src/stm32h7xx_hal_gpio.o
 .debug_ranges  0x00000000000004a8      0x130 ./Drivers/STM32H7xx_HAL_Driver/Src/stm32h7xx_hal_pcd.o
 .debug_ranges  0x00000000000005d8       0x50 ./Drivers/STM32H7xx_HAL_Driver/Src/stm32h7xx_hal_pcd_ex.o
 .debug_ranges  0x0000000000000628      0x138 ./Drivers/STM32H7xx_HAL_Driver/Src/stm32h7xx_hal_pwr_ex.o
 .debug_ranges  0x0000000000000760       0x78 ./Drivers/STM32H7xx_HAL_Driver/Src/stm32h7xx_hal_rcc.o
 .debug_ranges  0x00000000000007d8       0xe8 ./Drivers/STM32H7xx_HAL_Driver/Src/stm32h7xx_hal_rcc_ex.o
 .debug_ranges  0x00000000000008c0      0x268 ./Drivers/STM32H7xx_HAL_Driver/Src/stm32h7xx_hal_uart.o
 .debug_ranges  0x0000000000000b28       0x98 ./Drivers/STM32H7xx_HAL_Driver/Src/stm32h7xx_hal_uart_ex.o
 .debug_ranges  0x0000000000000bc0      0x190 ./Drivers/STM32H7xx_HAL_Driver/Src/stm32h7xx_ll_usb.o
 .debug_ranges  0x0000000000000d50       0x80 ./Middlewares/ST/STM32_USB_Device_Library/Class/CDC/Src/usbd_cdc.o
 .debug_ranges  0x0000000000000dd0       0xc8 ./Middlewares/ST/STM32_USB_Device_Library/Core/Src/usbd_core.o
 .debug_ranges  0x0000000000000e98       0x80 ./Middlewares/ST/STM32_USB_Device_Library/Core/Src/usbd_ctlreq.o
 .debug_ranges  0x0000000000000f18       0x40 ./Middlewares/ST/STM32_USB_Device_Library/Core/Src/usbd_ioreq.o
 .debug_ranges  0x0000000000000f58       0x10 ./USB_DEVICE/App/usb_device.o
 .debug_ranges  0x0000000000000f68       0x38 ./USB_DEVICE/App/usbd_cdc_if.o
 .debug_ranges  0x0000000000000fa0       0x50 ./USB_DEVICE/App/usbd_desc.o
 .debug_ranges  0x0000000000000ff0      0x100 ./USB_DEVICE/Target/usbd_conf.o

.debug_macro    0x0000000000000000    0x34d9d
 .debug_macro   0x0000000000000000      0x45e ./Core/Src/main.o
 .debug_macro   0x000000000000045e      0xa90 ./Core/Src/main.o
 .debug_macro   0x0000000000000eee      0x238 ./Core/Src/main.o
 .debug_macro   0x0000000000001126       0x2e ./Core/Src/main.o
 .debug_macro   0x0000000000001154       0x3b ./Core/Src/main.o
 .debug_macro   0x000000000000118f       0x22 ./Core/Src/main.o
 .debug_macro   0x00000000000011b1       0x8e ./Core/Src/main.o
 .debug_macro   0x000000000000123f       0x51 ./Core/Src/main.o
 .debug_macro   0x0000000000001290      0x103 ./Core/Src/main.o
 .debug_macro   0x0000000000001393       0x6a ./Core/Src/main.o
 .debug_macro   0x00000000000013fd      0x1df ./Core/Src/main.o
 .debug_macro   0x00000000000015dc       0x1c ./Core/Src/main.o
 .debug_macro   0x00000000000015f8       0x22 ./Core/Src/main.o
 .debug_macro   0x000000000000161a       0xfb ./Core/Src/main.o
 .debug_macro   0x0000000000001715     0x1305 ./Core/Src/main.o
 .debug_macro   0x0000000000002a1a      0x11f ./Core/Src/main.o
 .debug_macro   0x0000000000002b39       0x27 ./Core/Src/main.o
 .debug_macro   0x0000000000002b60    0x211d1 ./Core/Src/main.o
 .debug_macro   0x0000000000023d31       0x6d ./Core/Src/main.o
 .debug_macro   0x0000000000023d9e     0x3d48 ./Core/Src/main.o
 .debug_macro   0x0000000000027ae6      0x174 ./Core/Src/main.o
 .debug_macro   0x0000000000027c5a       0x52 ./Core/Src/main.o
 .debug_macro   0x0000000000027cac       0x1d ./Core/Src/main.o
 .debug_macro   0x0000000000027cc9       0x3c ./Core/Src/main.o
 .debug_macro   0x0000000000027d05       0x34 ./Core/Src/main.o
 .debug_macro   0x0000000000027d39       0x16 ./Core/Src/main.o
 .debug_macro   0x0000000000027d4f       0x43 ./Core/Src/main.o
 .debug_macro   0x0000000000027d92       0x34 ./Core/Src/main.o
 .debug_macro   0x0000000000027dc6       0x10 ./Core/Src/main.o
 .debug_macro   0x0000000000027dd6       0x58 ./Core/Src/main.o
 .debug_macro   0x0000000000027e2e       0x71 ./Core/Src/main.o
 .debug_macro   0x0000000000027e9f       0x1c ./Core/Src/main.o
 .debug_macro   0x0000000000027ebb      0x12a ./Core/Src/main.o
 .debug_macro   0x0000000000027fe5      0x341 ./Core/Src/main.o
 .debug_macro   0x0000000000028326      0x19b ./Core/Src/main.o
 .debug_macro   0x00000000000284c1       0x5d ./Core/Src/main.o
 .debug_macro   0x000000000002851e     0x2462 ./Core/Src/main.o
 .debug_macro   0x000000000002a980     0x1079 ./Core/Src/main.o
 .debug_macro   0x000000000002b9f9      0x154 ./Core/Src/main.o
 .debug_macro   0x000000000002bb4d      0x114 ./Core/Src/main.o
 .debug_macro   0x000000000002bc61      0x3f8 ./Core/Src/main.o
 .debug_macro   0x000000000002c059       0xac ./Core/Src/main.o
 .debug_macro   0x000000000002c105      0x788 ./Core/Src/main.o
 .debug_macro   0x000000000002c88d      0x228 ./Core/Src/main.o
 .debug_macro   0x000000000002cab5       0x66 ./Core/Src/main.o
 .debug_macro   0x000000000002cb1b      0x3a6 ./Core/Src/main.o
 .debug_macro   0x000000000002cec1      0x3f9 ./Core/Src/main.o
 .debug_macro   0x000000000002d2ba      0x275 ./Core/Src/main.o
 .debug_macro   0x000000000002d52f      0x3ca ./Core/Src/main.o
 .debug_macro   0x000000000002d8f9      0x45c ./Core/Src/main.o
 .debug_macro   0x000000000002dd55       0x3c ./Core/Src/main.o
 .debug_macro   0x000000000002dd91       0x4a ./Core/Src/main.o
 .debug_macro   0x000000000002dddb      0x22c ./Core/Src/main.o
 .debug_macro   0x000000000002e007       0x67 ./Core/Src/main.o
 .debug_macro   0x000000000002e06e       0xa5 ./Core/Src/main.o
 .debug_macro   0x000000000002e113      0x1c4 ./Core/Src/main.o
 .debug_macro   0x000000000002e2d7      0x22a ./Core/Src/main.o
 .debug_macro   0x000000000002e501       0x35 ./Core/Src/main.o
 .debug_macro   0x000000000002e536      0x693 ./Core/Src/main.o
 .debug_macro   0x000000000002ebc9       0xa6 ./Core/Src/main.o
 .debug_macro   0x000000000002ec6f      0x264 ./Core/Src/main.o
 .debug_macro   0x000000000002eed3       0x90 ./Core/Src/main.o
 .debug_macro   0x000000000002ef63      0x5e6 ./Core/Src/main.o
 .debug_macro   0x000000000002f549       0x1c ./Core/Src/main.o
 .debug_macro   0x000000000002f565       0x1c ./Core/Src/main.o
 .debug_macro   0x000000000002f581       0x35 ./Core/Src/main.o
 .debug_macro   0x000000000002f5b6       0x10 ./Core/Src/main.o
 .debug_macro   0x000000000002f5c6       0x10 ./Core/Src/main.o
 .debug_macro   0x000000000002f5d6       0x1c ./Core/Src/main.o